Archive member included to satisfy reference by file (symbol)

/opt/gcc-arm-none-eabi-9-2019-q4-major/bin/../lib/gcc/arm-none-eabi/9.2.1/../../../../arm-none-eabi/lib/thumb/v7e-m+fp/hard/libc_nano.a(lib_a-calloc.o)
                              /home/user/RIOT/Tutorials/test-01/bin/nucleo-f401re/malloc_thread_safe/malloc_wrappers.o (calloc)
/opt/gcc-arm-none-eabi-9-2019-q4-major/bin/../lib/gcc/arm-none-eabi/9.2.1/../../../../arm-none-eabi/lib/thumb/v7e-m+fp/hard/libc_nano.a(lib_a-div.o)
                              /home/user/RIOT/Tutorials/test-01/bin/nucleo-f401re/periph_common/rtc.o (div)
/opt/gcc-arm-none-eabi-9-2019-q4-major/bin/../lib/gcc/arm-none-eabi/9.2.1/../../../../arm-none-eabi/lib/thumb/v7e-m+fp/hard/libc_nano.a(lib_a-errno.o)
                              /home/user/RIOT/Tutorials/test-01/bin/nucleo-f401re/newlib_syscalls_default/syscalls.o (__errno)
/opt/gcc-arm-none-eabi-9-2019-q4-major/bin/../lib/gcc/arm-none-eabi/9.2.1/../../../../arm-none-eabi/lib/thumb/v7e-m+fp/hard/libc_nano.a(lib_a-impure.o)
                              /opt/gcc-arm-none-eabi-9-2019-q4-major/bin/../lib/gcc/arm-none-eabi/9.2.1/../../../../arm-none-eabi/lib/thumb/v7e-m+fp/hard/libc_nano.a(lib_a-calloc.o) (_impure_ptr)
/opt/gcc-arm-none-eabi-9-2019-q4-major/bin/../lib/gcc/arm-none-eabi/9.2.1/../../../../arm-none-eabi/lib/thumb/v7e-m+fp/hard/libc_nano.a(lib_a-init.o)
                              /home/user/RIOT/Tutorials/test-01/bin/nucleo-f401re/cortexm_common/vectors_cortexm.o (__libc_init_array)
/opt/gcc-arm-none-eabi-9-2019-q4-major/bin/../lib/gcc/arm-none-eabi/9.2.1/../../../../arm-none-eabi/lib/thumb/v7e-m+fp/hard/libc_nano.a(lib_a-malloc.o)
                              /home/user/RIOT/Tutorials/test-01/bin/nucleo-f401re/malloc_thread_safe/malloc_wrappers.o (malloc)
/opt/gcc-arm-none-eabi-9-2019-q4-major/bin/../lib/gcc/arm-none-eabi/9.2.1/../../../../arm-none-eabi/lib/thumb/v7e-m+fp/hard/libc_nano.a(lib_a-memcmp.o)
                              /home/user/RIOT/Tutorials/test-01/bin/nucleo-f401re/core/atomic_c11.o (memcmp)
/opt/gcc-arm-none-eabi-9-2019-q4-major/bin/../lib/gcc/arm-none-eabi/9.2.1/../../../../arm-none-eabi/lib/thumb/v7e-m+fp/hard/libc_nano.a(lib_a-memcpy-stub.o)
                              /home/user/RIOT/Tutorials/test-01/bin/nucleo-f401re/core/atomic_c11.o (memcpy)
/opt/gcc-arm-none-eabi-9-2019-q4-major/bin/../lib/gcc/arm-none-eabi/9.2.1/../../../../arm-none-eabi/lib/thumb/v7e-m+fp/hard/libc_nano.a(lib_a-memset.o)
                              /home/user/RIOT/Tutorials/test-01/bin/nucleo-f401re/periph_common/rtc.o (memset)
/opt/gcc-arm-none-eabi-9-2019-q4-major/bin/../lib/gcc/arm-none-eabi/9.2.1/../../../../arm-none-eabi/lib/thumb/v7e-m+fp/hard/libc_nano.a(lib_a-mstats.o)
                              /home/user/RIOT/Tutorials/test-01/bin/nucleo-f401re/newlib_syscalls_default/syscalls.o (mallinfo)
/opt/gcc-arm-none-eabi-9-2019-q4-major/bin/../lib/gcc/arm-none-eabi/9.2.1/../../../../arm-none-eabi/lib/thumb/v7e-m+fp/hard/libc_nano.a(lib_a-nano-callocr.o)
                              /opt/gcc-arm-none-eabi-9-2019-q4-major/bin/../lib/gcc/arm-none-eabi/9.2.1/../../../../arm-none-eabi/lib/thumb/v7e-m+fp/hard/libc_nano.a(lib_a-calloc.o) (_calloc_r)
/opt/gcc-arm-none-eabi-9-2019-q4-major/bin/../lib/gcc/arm-none-eabi/9.2.1/../../../../arm-none-eabi/lib/thumb/v7e-m+fp/hard/libc_nano.a(lib_a-nano-freer.o)
                              /opt/gcc-arm-none-eabi-9-2019-q4-major/bin/../lib/gcc/arm-none-eabi/9.2.1/../../../../arm-none-eabi/lib/thumb/v7e-m+fp/hard/libc_nano.a(lib_a-malloc.o) (_free_r)
/opt/gcc-arm-none-eabi-9-2019-q4-major/bin/../lib/gcc/arm-none-eabi/9.2.1/../../../../arm-none-eabi/lib/thumb/v7e-m+fp/hard/libc_nano.a(lib_a-nano-mallinfor.o)
                              /opt/gcc-arm-none-eabi-9-2019-q4-major/bin/../lib/gcc/arm-none-eabi/9.2.1/../../../../arm-none-eabi/lib/thumb/v7e-m+fp/hard/libc_nano.a(lib_a-mstats.o) (_mallinfo_r)
/opt/gcc-arm-none-eabi-9-2019-q4-major/bin/../lib/gcc/arm-none-eabi/9.2.1/../../../../arm-none-eabi/lib/thumb/v7e-m+fp/hard/libc_nano.a(lib_a-nano-mallocr.o)
                              /opt/gcc-arm-none-eabi-9-2019-q4-major/bin/../lib/gcc/arm-none-eabi/9.2.1/../../../../arm-none-eabi/lib/thumb/v7e-m+fp/hard/libc_nano.a(lib_a-malloc.o) (_malloc_r)
/opt/gcc-arm-none-eabi-9-2019-q4-major/bin/../lib/gcc/arm-none-eabi/9.2.1/../../../../arm-none-eabi/lib/thumb/v7e-m+fp/hard/libc_nano.a(lib_a-nano-malloptr.o)
                              /opt/gcc-arm-none-eabi-9-2019-q4-major/bin/../lib/gcc/arm-none-eabi/9.2.1/../../../../arm-none-eabi/lib/thumb/v7e-m+fp/hard/libc_nano.a(lib_a-mstats.o) (_mallopt_r)
/opt/gcc-arm-none-eabi-9-2019-q4-major/bin/../lib/gcc/arm-none-eabi/9.2.1/../../../../arm-none-eabi/lib/thumb/v7e-m+fp/hard/libc_nano.a(lib_a-nano-mallstatsr.o)
                              /opt/gcc-arm-none-eabi-9-2019-q4-major/bin/../lib/gcc/arm-none-eabi/9.2.1/../../../../arm-none-eabi/lib/thumb/v7e-m+fp/hard/libc_nano.a(lib_a-mstats.o) (_malloc_stats_r)
[...]
Memory Configuration

Name             Origin             Length             Attributes
ccmram           0x0000000010000000 0x0000000000000000
rom              0x0000000008000000 0x0000000000080000 xr
ram              0x0000000020000000 0x0000000000018000 w !xr
bkup-ram         0x0000000000000000 0x0000000000000000 w !xr
*default*        0x0000000000000000 0xffffffffffffffff

Linker script and memory map

LOAD /home/user/RIOT/Tutorials/test-01/bin/nucleo-f401re/analog_util/adc_util.o
LOAD /home/user/RIOT/Tutorials/test-01/bin/nucleo-f401re/analog_util/dac_util.o
LOAD /home/user/RIOT/Tutorials/test-01/bin/nucleo-f401re/application_indHW1/main.o
LOAD /home/user/RIOT/Tutorials/test-01/bin/nucleo-f401re/auto_init/auto_init.o
LOAD /home/user/RIOT/Tutorials/test-01/bin/nucleo-f401re/boards_common_nucleo/board_common_nucleo_init.o
LOAD /home/user/RIOT/Tutorials/test-01/bin/nucleo-f401re/core/assert.o
LOAD /home/user/RIOT/Tutorials/test-01/bin/nucleo-f401re/core/atomic_c11.o
LOAD /home/user/RIOT/Tutorials/test-01/bin/nucleo-f401re/core/atomic_sync.o
LOAD /home/user/RIOT/Tutorials/test-01/bin/nucleo-f401re/core/bitarithm.o
LOAD /home/user/RIOT/Tutorials/test-01/bin/nucleo-f401re/core/clist.o
LOAD /home/user/RIOT/Tutorials/test-01/bin/nucleo-f401re/core/cond.o
LOAD /home/user/RIOT/Tutorials/test-01/bin/nucleo-f401re/core/init.o
LOAD /home/user/RIOT/Tutorials/test-01/bin/nucleo-f401re/core/lifo.o
LOAD /home/user/RIOT/Tutorials/test-01/bin/nucleo-f401re/core/msg.o
LOAD /home/user/RIOT/Tutorials/test-01/bin/nucleo-f401re/core/mutex.o
LOAD /home/user/RIOT/Tutorials/test-01/bin/nucleo-f401re/core/panic.o
LOAD /home/user/RIOT/Tutorials/test-01/bin/nucleo-f401re/core/priority_queue.o
LOAD /home/user/RIOT/Tutorials/test-01/bin/nucleo-f401re/core/ringbuffer.o
LOAD /home/user/RIOT/Tutorials/test-01/bin/nucleo-f401re/core/rmutex.o
LOAD /home/user/RIOT/Tutorials/test-01/bin/nucleo-f401re/core/sched.o
LOAD /home/user/RIOT/Tutorials/test-01/bin/nucleo-f401re/core/thread.o
LOAD /home/user/RIOT/Tutorials/test-01/bin/nucleo-f401re/cortexm_common/cortexm_init.o
LOAD /home/user/RIOT/Tutorials/test-01/bin/nucleo-f401re/cortexm_common/mpu.o
LOAD /home/user/RIOT/Tutorials/test-01/bin/nucleo-f401re/cortexm_common/panic.o
LOAD /home/user/RIOT/Tutorials/test-01/bin/nucleo-f401re/cortexm_common_periph/pm.o
LOAD /home/user/RIOT/Tutorials/test-01/bin/nucleo-f401re/cortexm_common/thread_arch.o
LOAD /home/user/RIOT/Tutorials/test-01/bin/nucleo-f401re/cortexm_common/vectors_cortexm.o
LOAD /home/user/RIOT/Tutorials/test-01/bin/nucleo-f401re/cpu/cpu_common.o
LOAD /home/user/RIOT/Tutorials/test-01/bin/nucleo-f401re/cpu/cpu_init.o
LOAD /home/user/RIOT/Tutorials/test-01/bin/nucleo-f401re/div/div.o
LOAD /home/user/RIOT/Tutorials/test-01/bin/nucleo-f401re/malloc_thread_safe/malloc_wrappers.o
LOAD /home/user/RIOT/Tutorials/test-01/bin/nucleo-f401re/newlib_syscalls_default/syscalls.o
LOAD /home/user/RIOT/Tutorials/test-01/bin/nucleo-f401re/periph/adc_f4.o
LOAD /home/user/RIOT/Tutorials/test-01/bin/nucleo-f401re/periph_common/cpuid.o
LOAD /home/user/RIOT/Tutorials/test-01/bin/nucleo-f401re/periph_common/eeprom.o
LOAD /home/user/RIOT/Tutorials/test-01/bin/nucleo-f401re/periph_common/flashpage.o
LOAD /home/user/RIOT/Tutorials/test-01/bin/nucleo-f401re/periph_common/gpio_util.o
LOAD /home/user/RIOT/Tutorials/test-01/bin/nucleo-f401re/periph_common/i2c.o
LOAD /home/user/RIOT/Tutorials/test-01/bin/nucleo-f401re/periph_common/init.o
LOAD /home/user/RIOT/Tutorials/test-01/bin/nucleo-f401re/periph_common/pm.o
LOAD /home/user/RIOT/Tutorials/test-01/bin/nucleo-f401re/periph_common/ptp.o
LOAD /home/user/RIOT/Tutorials/test-01/bin/nucleo-f401re/periph_common/rtc.o
LOAD /home/user/RIOT/Tutorials/test-01/bin/nucleo-f401re/periph_common/spi.o
LOAD /home/user/RIOT/Tutorials/test-01/bin/nucleo-f401re/periph_common/timer.o
LOAD /home/user/RIOT/Tutorials/test-01/bin/nucleo-f401re/periph/gpio_all.o
LOAD /home/user/RIOT/Tutorials/test-01/bin/nucleo-f401re/periph/pm.o
LOAD /home/user/RIOT/Tutorials/test-01/bin/nucleo-f401re/periph/timer.o
LOAD /home/user/RIOT/Tutorials/test-01/bin/nucleo-f401re/periph/uart.o
LOAD /home/user/RIOT/Tutorials/test-01/bin/nucleo-f401re/pm_layered/pm.o
LOAD /home/user/RIOT/Tutorials/test-01/bin/nucleo-f401re/stdio_uart/stdio_uart.o
LOAD /home/user/RIOT/Tutorials/test-01/bin/nucleo-f401re/stm32_clk/stmclk_common.o
LOAD /home/user/RIOT/Tutorials/test-01/bin/nucleo-f401re/stm32_clk/stmclk_f2f4f7.o
LOAD /home/user/RIOT/Tutorials/test-01/bin/nucleo-f401re/stm32_vectors/STM32F401xE.o
LOAD /home/user/RIOT/Tutorials/test-01/bin/nucleo-f401re/xtimer/xtimer_core.o
LOAD /home/user/RIOT/Tutorials/test-01/bin/nucleo-f401re/xtimer/xtimer.o
LOAD /opt/gcc-arm-none-eabi-9-2019-q4-major/bin/../lib/gcc/arm-none-eabi/9.2.1/../../../../arm-none-eabi/lib/thumb/v7e-m+fp/hard/libm.a
LOAD /opt/gcc-arm-none-eabi-9-2019-q4-major/bin/../lib/gcc/arm-none-eabi/9.2.1/thumb/v7e-m+fp/hard/libgcc.a
                0x0000000008000000                _rom_start_addr = 0x8000000
                0x0000000020000000                _ram_start_addr = 0x20000000
                0x0000000000080000                _rom_length = 0x80000
                0x0000000000018000                _ram_length = 0x18000
LOAD /opt/gcc-arm-none-eabi-9-2019-q4-major/bin/../lib/gcc/arm-none-eabi/9.2.1/../../../../arm-none-eabi/lib/thumb/v7e-m+fp/hard/libc_nano.a
START GROUP
LOAD /opt/gcc-arm-none-eabi-9-2019-q4-major/bin/../lib/gcc/arm-none-eabi/9.2.1/thumb/v7e-m+fp/hard/libgcc.a
LOAD /opt/gcc-arm-none-eabi-9-2019-q4-major/bin/../lib/gcc/arm-none-eabi/9.2.1/../../../../arm-none-eabi/lib/thumb/v7e-m+fp/hard/libg_nano.a
LOAD /opt/gcc-arm-none-eabi-9-2019-q4-major/bin/../lib/gcc/arm-none-eabi/9.2.1/../../../../arm-none-eabi/lib/thumb/v7e-m+fp/hard/libc_nano.a
END GROUP
START GROUP
LOAD /opt/gcc-arm-none-eabi-9-2019-q4-major/bin/../lib/gcc/arm-none-eabi/9.2.1/thumb/v7e-m+fp/hard/libgcc.a
LOAD /opt/gcc-arm-none-eabi-9-2019-q4-major/bin/../lib/gcc/arm-none-eabi/9.2.1/../../../../arm-none-eabi/lib/thumb/v7e-m+fp/hard/libc_nano.a
END GROUP
                0x0000000000000000                ccmram_length = DEFINED (ccmram_len)?ccmram_len:0x0
                0x0000000000000000                _rom_offset = DEFINED (_rom_offset)?_rom_offset:0x0
                0x0000000000080000                _fw_rom_length = DEFINED (_fw_rom_length)?_fw_rom_length:(_rom_length - _rom_offset)
                0x0000000000000001                ASSERT ((_fw_rom_length <= (_rom_length - _rom_offset)), Specified firmware size does not fit in ROM)
                0x0000000000000000                _backup_ram_start_addr = DEFINED (_backup_ram_start_addr)?_backup_ram_start_addr:0x0
                0x0000000000000000                _backup_ram_len = DEFINED (_backup_ram_len)?_backup_ram_len:0x0

.text           0x0000000008000000     0x24ec
                0x0000000008000000                . = ALIGN (0x4)
                0x0000000008000000                _sfixed = .
                0x0000000008000000                _isr_vectors = DEFINED (_isr_vectors)?_isr_vectors:.
 *(SORT_BY_NAME(.vectors*))
 .vectors.0     0x0000000008000000       0x40 /home/user/RIOT/Tutorials/test-01/bin/nucleo-f401re/cortexm_common/vectors_cortexm.o
                0x0000000008000000                cortex_vector_base
 .vectors.1     0x0000000008000040      0x154 /home/user/RIOT/Tutorials/test-01/bin/nucleo-f401re/stm32_vectors/STM32F401xE.o
                0x0000000008000040                vector_cpu
 *(.text .text.* .gnu.linkonce.t.*)
 .text._adc_res_bits
                0x0000000008000194       0x3c /home/user/RIOT/Tutorials/test-01/bin/nucleo-f401re/analog_util/adc_util.o
 .text.adc_util_map
                0x00000000080001d0       0x2e /home/user/RIOT/Tutorials/test-01/bin/nucleo-f401re/analog_util/adc_util.o
                0x00000000080001d0                adc_util_map
 *fill*         0x00000000080001fe        0x2 
 .text.startup.main
                0x0000000008000200       0x84 /home/user/RIOT/Tutorials/test-01/bin/nucleo-f401re/application_indHW1/main.o
                0x0000000008000200                main
 .text.auto_init
                0x0000000008000284        0x4 /home/user/RIOT/Tutorials/test-01/bin/nucleo-f401re/auto_init/auto_init.o
                0x0000000008000284                auto_init
 .text.board_init
                0x0000000008000288        0x4 /home/user/RIOT/Tutorials/test-01/bin/nucleo-f401re/boards_common_nucleo/board_common_nucleo_init.o
                0x0000000008000288                board_init
 .text.main_trampoline
                0x000000000800028c       0x18 /home/user/RIOT/Tutorials/test-01/bin/nucleo-f401re/core/init.o
 .text.kernel_init
                0x00000000080002a4       0x34 /home/user/RIOT/Tutorials/test-01/bin/nucleo-f401re/core/init.o
                0x00000000080002a4                kernel_init
 .text.mutex_lock
                0x00000000080002d8       0x50 /home/user/RIOT/Tutorials/test-01/bin/nucleo-f401re/core/mutex.o
                0x00000000080002d8                mutex_lock
 .text.mutex_unlock
                0x0000000008000328       0x44 /home/user/RIOT/Tutorials/test-01/bin/nucleo-f401re/core/mutex.o
                0x0000000008000328                mutex_unlock
 .text.panic_app
                0x000000000800036c        0x2 /home/user/RIOT/Tutorials/test-01/bin/nucleo-f401re/core/panic.o
                0x000000000800036c                panic_app
 *fill*         0x000000000800036e        0x2 
 .text.core_panic
                0x0000000008000370       0x3c /home/user/RIOT/Tutorials/test-01/bin/nucleo-f401re/core/panic.o
                0x0000000008000370                core_panic
 .text.sched_run
                0x00000000080003ac       0x74 /home/user/RIOT/Tutorials/test-01/bin/nucleo-f401re/core/sched.o
                0x00000000080003ac                sched_run
 .text.sched_set_status
                0x0000000008000420       0x84 /home/user/RIOT/Tutorials/test-01/bin/nucleo-f401re/core/sched.o
                0x0000000008000420                sched_set_status
 .text.sched_switch
                0x00000000080004a4       0x30 /home/user/RIOT/Tutorials/test-01/bin/nucleo-f401re/core/sched.o
                0x00000000080004a4                sched_switch
 .text.sched_task_exit
                0x00000000080004d4       0x3c /home/user/RIOT/Tutorials/test-01/bin/nucleo-f401re/core/sched.o
                0x00000000080004d4                sched_task_exit
 .text.thread_add_to_list
                0x0000000008000510       0x1c /home/user/RIOT/Tutorials/test-01/bin/nucleo-f401re/core/thread.o
                0x0000000008000510                thread_add_to_list
 .text.thread_create
                0x000000000800052c       0xbc /home/user/RIOT/Tutorials/test-01/bin/nucleo-f401re/core/thread.o
                0x000000000800052c                thread_create
 .text.cortexm_init
                0x00000000080005e8       0x4c /home/user/RIOT/Tutorials/test-01/bin/nucleo-f401re/cortexm_common/cortexm_init.o
                0x00000000080005e8                cortexm_init
 .text.panic_arch
                0x0000000008000634        0x2 /home/user/RIOT/Tutorials/test-01/bin/nucleo-f401re/cortexm_common/panic.o
                0x0000000008000634                panic_arch
 *fill*         0x0000000008000636        0x2 
 .text.pm_reboot
                0x0000000008000638       0x24 /home/user/RIOT/Tutorials/test-01/bin/nucleo-f401re/cortexm_common_periph/pm.o
                0x0000000008000638                pm_reboot
 .text.thread_stack_init
                0x000000000800065c       0x68 /home/user/RIOT/Tutorials/test-01/bin/nucleo-f401re/cortexm_common/thread_arch.o
                0x000000000800065c                thread_stack_init
 .text.cpu_switch_context_exit
                0x00000000080006c4        0x8 /home/user/RIOT/Tutorials/test-01/bin/nucleo-f401re/cortexm_common/thread_arch.o
                0x00000000080006c4                cpu_switch_context_exit
 .text.thread_yield_higher
                0x00000000080006cc       0x14 /home/user/RIOT/Tutorials/test-01/bin/nucleo-f401re/cortexm_common/thread_arch.o
                0x00000000080006cc                thread_yield_higher
 .text.isr_pendsv
                0x00000000080006e0       0x4c /home/user/RIOT/Tutorials/test-01/bin/nucleo-f401re/cortexm_common/thread_arch.o
                0x00000000080006e0                isr_pendsv
 .text.isr_svc  0x000000000800072c       0x10 /home/user/RIOT/Tutorials/test-01/bin/nucleo-f401re/cortexm_common/thread_arch.o
                0x000000000800072c                isr_svc
 .text.sched_arch_idle
                0x000000000800073c       0x10 /home/user/RIOT/Tutorials/test-01/bin/nucleo-f401re/cortexm_common/thread_arch.o
                0x000000000800073c                sched_arch_idle
 .text.nmi_default
                0x000000000800074c       0x10 /home/user/RIOT/Tutorials/test-01/bin/nucleo-f401re/cortexm_common/vectors_cortexm.o
                0x000000000800074c                nmi_default
 .text.hard_fault_default
                0x000000000800075c       0x10 /home/user/RIOT/Tutorials/test-01/bin/nucleo-f401re/cortexm_common/vectors_cortexm.o
                0x000000000800075c                hard_fault_default
 .text.mem_manage_default
                0x000000000800076c       0x10 /home/user/RIOT/Tutorials/test-01/bin/nucleo-f401re/cortexm_common/vectors_cortexm.o
                0x000000000800076c                mem_manage_default
 .text.bus_fault_default
                0x000000000800077c       0x10 /home/user/RIOT/Tutorials/test-01/bin/nucleo-f401re/cortexm_common/vectors_cortexm.o
                0x000000000800077c                bus_fault_default
 .text.usage_fault_default
                0x000000000800078c       0x10 /home/user/RIOT/Tutorials/test-01/bin/nucleo-f401re/cortexm_common/vectors_cortexm.o
                0x000000000800078c                usage_fault_default
 .text.debug_mon_default
                0x000000000800079c       0x10 /home/user/RIOT/Tutorials/test-01/bin/nucleo-f401re/cortexm_common/vectors_cortexm.o
                0x000000000800079c                debug_mon_default
 .text.dummy_handler_default
                0x00000000080007ac       0x10 /home/user/RIOT/Tutorials/test-01/bin/nucleo-f401re/cortexm_common/vectors_cortexm.o
                0x00000000080007ac                dummy_handler_default
                0x00000000080007ac                isr_systick
 .text.pre_startup
                0x00000000080007bc        0x2 /home/user/RIOT/Tutorials/test-01/bin/nucleo-f401re/cortexm_common/vectors_cortexm.o
                0x00000000080007bc                pre_startup
 .text.post_startup
                0x00000000080007be        0x2 /home/user/RIOT/Tutorials/test-01/bin/nucleo-f401re/cortexm_common/vectors_cortexm.o
                0x00000000080007be                post_startup
 .text.reset_handler_default
                0x00000000080007c0       0x54 /home/user/RIOT/Tutorials/test-01/bin/nucleo-f401re/cortexm_common/vectors_cortexm.o
                0x00000000080007c0                reset_handler_default
 .text.periph_apb_clk
                0x0000000008000814       0x18 /home/user/RIOT/Tutorials/test-01/bin/nucleo-f401re/cpu/cpu_common.o
                0x0000000008000814                periph_apb_clk
 .text.periph_timer_clk
                0x000000000800082c       0x20 /home/user/RIOT/Tutorials/test-01/bin/nucleo-f401re/cpu/cpu_common.o
                0x000000000800082c                periph_timer_clk
 .text.periph_clk_en
                0x000000000800084c       0x48 /home/user/RIOT/Tutorials/test-01/bin/nucleo-f401re/cpu/cpu_common.o
                0x000000000800084c                periph_clk_en
 .text.periph_clk_dis
                0x0000000008000894       0x50 /home/user/RIOT/Tutorials/test-01/bin/nucleo-f401re/cpu/cpu_common.o
                0x0000000008000894                periph_clk_dis
 .text.cpu_init
                0x00000000080008e4       0x6c /home/user/RIOT/Tutorials/test-01/bin/nucleo-f401re/cpu/cpu_init.o
                0x00000000080008e4                cpu_init
 .text._init    0x0000000008000950        0x2 /home/user/RIOT/Tutorials/test-01/bin/nucleo-f401re/newlib_syscalls_default/syscalls.o
                0x0000000008000950                _init
 .text._fini    0x0000000008000952        0x2 /home/user/RIOT/Tutorials/test-01/bin/nucleo-f401re/newlib_syscalls_default/syscalls.o
                0x0000000008000952                _fini
 .text._sbrk_r  0x0000000008000954       0x40 /home/user/RIOT/Tutorials/test-01/bin/nucleo-f401re/newlib_syscalls_default/syscalls.o
                0x0000000008000954                _sbrk_r
 .text._read_r  0x0000000008000994        0x8 /home/user/RIOT/Tutorials/test-01/bin/nucleo-f401re/newlib_syscalls_default/syscalls.o
                0x0000000008000994                _read_r
 .text._write_r
                0x000000000800099c        0x8 /home/user/RIOT/Tutorials/test-01/bin/nucleo-f401re/newlib_syscalls_default/syscalls.o
                0x000000000800099c                _write_r
 .text._close_r
                0x00000000080009a4        0xa /home/user/RIOT/Tutorials/test-01/bin/nucleo-f401re/newlib_syscalls_default/syscalls.o
                0x00000000080009a4                _close_r
 .text._lseek_r
                0x00000000080009ae        0xa /home/user/RIOT/Tutorials/test-01/bin/nucleo-f401re/newlib_syscalls_default/syscalls.o
                0x00000000080009ae                _lseek_r
 .text._fstat_r
                0x00000000080009b8        0xa /home/user/RIOT/Tutorials/test-01/bin/nucleo-f401re/newlib_syscalls_default/syscalls.o
                0x00000000080009b8                _fstat_r
 .text._isatty_r
                0x00000000080009c2       0x10 /home/user/RIOT/Tutorials/test-01/bin/nucleo-f401re/newlib_syscalls_default/syscalls.o
                0x00000000080009c2                _isatty_r
 *fill*         0x00000000080009d2        0x2 
 .text.adc_init
                0x00000000080009d4       0x70 /home/user/RIOT/Tutorials/test-01/bin/nucleo-f401re/periph/adc_f4.o
                0x00000000080009d4                adc_init
 .text.adc_sample
                0x0000000008000a44       0x70 /home/user/RIOT/Tutorials/test-01/bin/nucleo-f401re/periph/adc_f4.o
                0x0000000008000a44                adc_sample
 .text.periph_init
                0x0000000008000ab4        0x2 /home/user/RIOT/Tutorials/test-01/bin/nucleo-f401re/periph_common/init.o
                0x0000000008000ab4                periph_init
 .text.gpio_init
                0x0000000008000ab6       0x68 /home/user/RIOT/Tutorials/test-01/bin/nucleo-f401re/periph/gpio_all.o
                0x0000000008000ab6                gpio_init
 .text.gpio_init_af
                0x0000000008000b1e       0x58 /home/user/RIOT/Tutorials/test-01/bin/nucleo-f401re/periph/gpio_all.o
                0x0000000008000b1e                gpio_init_af
 .text.gpio_init_analog
                0x0000000008000b76       0x2a /home/user/RIOT/Tutorials/test-01/bin/nucleo-f401re/periph/gpio_all.o
                0x0000000008000b76                gpio_init_analog
 .text.pm_set   0x0000000008000ba0       0x78 /home/user/RIOT/Tutorials/test-01/bin/nucleo-f401re/periph/pm.o
                0x0000000008000ba0                pm_set
 .text.timer_set_absolute
                0x0000000008000c18       0x38 /home/user/RIOT/Tutorials/test-01/bin/nucleo-f401re/periph/timer.o
                0x0000000008000c18                timer_set_absolute
 .text.timer_read
                0x0000000008000c50       0x10 /home/user/RIOT/Tutorials/test-01/bin/nucleo-f401re/periph/timer.o
                0x0000000008000c50                timer_read
 .text.timer_start
                0x0000000008000c60       0x14 /home/user/RIOT/Tutorials/test-01/bin/nucleo-f401re/periph/timer.o
                0x0000000008000c60                timer_start
 .text.timer_init
                0x0000000008000c74       0x58 /home/user/RIOT/Tutorials/test-01/bin/nucleo-f401re/periph/timer.o
                0x0000000008000c74                timer_init
 .text.isr_tim5
                0x0000000008000ccc       0x6c /home/user/RIOT/Tutorials/test-01/bin/nucleo-f401re/periph/timer.o
                0x0000000008000ccc                isr_tim5
 .text.uart_enable_clock
                0x0000000008000d38       0x30 /home/user/RIOT/Tutorials/test-01/bin/nucleo-f401re/periph/uart.o
 .text.irq_handler
                0x0000000008000d68       0x48 /home/user/RIOT/Tutorials/test-01/bin/nucleo-f401re/periph/uart.o
 .text.uart_init
                0x0000000008000db0       0x90 /home/user/RIOT/Tutorials/test-01/bin/nucleo-f401re/periph/uart.o
                0x0000000008000db0                uart_init
 .text.uart_write
                0x0000000008000e40       0x2c /home/user/RIOT/Tutorials/test-01/bin/nucleo-f401re/periph/uart.o
                0x0000000008000e40                uart_write
 .text.isr_usart2
                0x0000000008000e6c        0x6 /home/user/RIOT/Tutorials/test-01/bin/nucleo-f401re/periph/uart.o
                0x0000000008000e6c                isr_usart2
 .text.isr_usart1
                0x0000000008000e72        0x6 /home/user/RIOT/Tutorials/test-01/bin/nucleo-f401re/periph/uart.o
                0x0000000008000e72                isr_usart1
 .text.isr_usart6
                0x0000000008000e78        0x6 /home/user/RIOT/Tutorials/test-01/bin/nucleo-f401re/periph/uart.o
                0x0000000008000e78                isr_usart6
 *fill*         0x0000000008000e7e        0x2 
 .text.pm_set_lowest
                0x0000000008000e80       0x3c /home/user/RIOT/Tutorials/test-01/bin/nucleo-f401re/pm_layered/pm.o
                0x0000000008000e80                pm_set_lowest
 .text.pm_block
                0x0000000008000ebc       0x18 /home/user/RIOT/Tutorials/test-01/bin/nucleo-f401re/pm_layered/pm.o
                0x0000000008000ebc                pm_block
 .text.stdio_init
                0x0000000008000ed4        0xe /home/user/RIOT/Tutorials/test-01/bin/nucleo-f401re/stdio_uart/stdio_uart.o
                0x0000000008000ed4                stdio_init
 .text.stdio_read
                0x0000000008000ee2        0x6 /home/user/RIOT/Tutorials/test-01/bin/nucleo-f401re/stdio_uart/stdio_uart.o
                0x0000000008000ee2                stdio_read
 .text.stdio_write
                0x0000000008000ee8       0x12 /home/user/RIOT/Tutorials/test-01/bin/nucleo-f401re/stdio_uart/stdio_uart.o
                0x0000000008000ee8                stdio_write
 *fill*         0x0000000008000efa        0x2 
 .text.stmclk_enable_hsi
                0x0000000008000efc       0x18 /home/user/RIOT/Tutorials/test-01/bin/nucleo-f401re/stm32_clk/stmclk_common.o
                0x0000000008000efc                stmclk_enable_hsi
 .text.stmclk_disable_hsi
                0x0000000008000f14       0x10 /home/user/RIOT/Tutorials/test-01/bin/nucleo-f401re/stm32_clk/stmclk_common.o
                0x0000000008000f14                stmclk_disable_hsi
 .text.stmclk_init_sysclk
                0x0000000008000f24       0x7c /home/user/RIOT/Tutorials/test-01/bin/nucleo-f401re/stm32_clk/stmclk_f2f4f7.o
                0x0000000008000f24                stmclk_init_sysclk
 .text.dummy_handler
                0x0000000008000fa0        0x4 /home/user/RIOT/Tutorials/test-01/bin/nucleo-f401re/stm32_vectors/STM32F401xE.o
                0x0000000008000fa0                isr_dma2_stream4
                0x0000000008000fa0                isr_pvd
                0x0000000008000fa0                isr_rtc_wkup
                0x0000000008000fa0                isr_exti
                0x0000000008000fa0                isr_i2c1_ev
                0x0000000008000fa0                isr_dma2_stream0
                0x0000000008000fa0                isr_tim4
                0x0000000008000fa0                isr_dma2_stream6
                0x0000000008000fa0                isr_dma1_stream1
                0x0000000008000fa0                isr_i2c3_ev
                0x0000000008000fa0                isr_dma2_stream5
                0x0000000008000fa0                isr_tim2
                0x0000000008000fa0                isr_sdio
                0x0000000008000fa0                isr_spi2
                0x0000000008000fa0                isr_tamp_stamp
                0x0000000008000fa0                dummy_handler
                0x0000000008000fa0                isr_otg_fs
                0x0000000008000fa0                isr_dma1_stream7
                0x0000000008000fa0                isr_dma1_stream6
                0x0000000008000fa0                isr_adc
                0x0000000008000fa0                isr_dma2_stream3
                0x0000000008000fa0                isr_spi1
                0x0000000008000fa0                isr_rcc
                0x0000000008000fa0                isr_flash
                0x0000000008000fa0                isr_dma2_stream7
                0x0000000008000fa0                isr_i2c3_er
                0x0000000008000fa0                isr_tim1_cc
                0x0000000008000fa0                isr_dma1_stream4
                0x0000000008000fa0                isr_spi4
                0x0000000008000fa0                isr_i2c2_er
                0x0000000008000fa0                isr_otg_fs_wkup
                0x0000000008000fa0                isr_dma1_stream0
                0x0000000008000fa0                isr_dma1_stream5
                0x0000000008000fa0                isr_spi3
                0x0000000008000fa0                isr_dma2_stream1
                0x0000000008000fa0                isr_tim3
                0x0000000008000fa0                isr_dma2_stream2
                0x0000000008000fa0                isr_fpu
                0x0000000008000fa0                isr_tim1_brk_tim9
                0x0000000008000fa0                isr_tim1_up_tim10
                0x0000000008000fa0                isr_i2c2_ev
                0x0000000008000fa0                isr_rtc_alarm
                0x0000000008000fa0                isr_dma1_stream3
                0x0000000008000fa0                isr_dma1_stream2
                0x0000000008000fa0                isr_tim1_trg_com_tim11
                0x0000000008000fa0                isr_i2c1_er
                0x0000000008000fa0                isr_wwdg
 .text._add_timer_to_list
                0x0000000008000fa4       0x34 /home/user/RIOT/Tutorials/test-01/bin/nucleo-f401re/xtimer/xtimer_core.o
 .text._remove_timer_from_list
                0x0000000008000fd8       0x18 /home/user/RIOT/Tutorials/test-01/bin/nucleo-f401re/xtimer/xtimer_core.o
 .text._xtimer_now64
                0x0000000008000ff0       0x38 /home/user/RIOT/Tutorials/test-01/bin/nucleo-f401re/xtimer/xtimer_core.o
 .text._schedule_earliest_lltimer
                0x0000000008001028       0x44 /home/user/RIOT/Tutorials/test-01/bin/nucleo-f401re/xtimer/xtimer_core.o
 .text._xtimer_now
                0x000000000800106c        0x8 /home/user/RIOT/Tutorials/test-01/bin/nucleo-f401re/xtimer/xtimer_core.o
                0x000000000800106c                _xtimer_now
 .text.xtimer_init
                0x0000000008001074       0x24 /home/user/RIOT/Tutorials/test-01/bin/nucleo-f401re/xtimer/xtimer_core.o
                0x0000000008001074                xtimer_init
 .text._periph_timer_callback
                0x0000000008001098       0xfc /home/user/RIOT/Tutorials/test-01/bin/nucleo-f401re/xtimer/xtimer_core.o
 .text.xtimer_remove
                0x0000000008001194       0x30 /home/user/RIOT/Tutorials/test-01/bin/nucleo-f401re/xtimer/xtimer_core.o
                0x0000000008001194                xtimer_remove
 .text._xtimer_set64
                0x00000000080011c4       0x7c /home/user/RIOT/Tutorials/test-01/bin/nucleo-f401re/xtimer/xtimer_core.o
                0x00000000080011c4                _xtimer_set64
 .text._callback_unlock_mutex
                0x0000000008001240        0x4 /home/user/RIOT/Tutorials/test-01/bin/nucleo-f401re/xtimer/xtimer.o
 .text._xtimer_periodic_wakeup
                0x0000000008001244       0x58 /home/user/RIOT/Tutorials/test-01/bin/nucleo-f401re/xtimer/xtimer.o
                0x0000000008001244                _xtimer_periodic_wakeup
 .text.__libc_init_array
                0x000000000800129c       0x48 /opt/gcc-arm-none-eabi-9-2019-q4-major/bin/../lib/gcc/arm-none-eabi/9.2.1/../../../../arm-none-eabi/lib/thumb/v7e-m+fp/hard/libc_nano.a(lib_a-init.o)
                0x000000000800129c                __libc_init_array
 .text.memset   0x00000000080012e4       0x10 /opt/gcc-arm-none-eabi-9-2019-q4-major/bin/../lib/gcc/arm-none-eabi/9.2.1/../../../../arm-none-eabi/lib/thumb/v7e-m+fp/hard/libc_nano.a(lib_a-memset.o)
                0x00000000080012e4                memset
 .text._free_r  0x00000000080012f4       0xa0 /opt/gcc-arm-none-eabi-9-2019-q4-major/bin/../lib/gcc/arm-none-eabi/9.2.1/../../../../arm-none-eabi/lib/thumb/v7e-m+fp/hard/libc_nano.a(lib_a-nano-freer.o)
                0x00000000080012f4                _free_r
 .text._malloc_r
                0x0000000008001394       0xb4 /opt/gcc-arm-none-eabi-9-2019-q4-major/bin/../lib/gcc/arm-none-eabi/9.2.1/../../../../arm-none-eabi/lib/thumb/v7e-m+fp/hard/libc_nano.a(lib_a-nano-mallocr.o)
                0x0000000008001394                _malloc_r
 .text.printf   0x0000000008001448       0x30 /opt/gcc-arm-none-eabi-9-2019-q4-major/bin/../lib/gcc/arm-none-eabi/9.2.1/../../../../arm-none-eabi/lib/thumb/v7e-m+fp/hard/libc_nano.a(lib_a-printf.o)
                0x0000000008001448                printf
                0x0000000008001448                iprintf
 .text._puts_r  0x0000000008001478       0xdc /opt/gcc-arm-none-eabi-9-2019-q4-major/bin/../lib/gcc/arm-none-eabi/9.2.1/../../../../arm-none-eabi/lib/thumb/v7e-m+fp/hard/libc_nano.a(lib_a-puts.o)
                0x0000000008001478                _puts_r
 .text.puts     0x0000000008001554       0x10 /opt/gcc-arm-none-eabi-9-2019-q4-major/bin/../lib/gcc/arm-none-eabi/9.2.1/../../../../arm-none-eabi/lib/thumb/v7e-m+fp/hard/libc_nano.a(lib_a-puts.o)
                0x0000000008001554                puts
 .text.__swbuf_r
                0x0000000008001564       0xa4 /opt/gcc-arm-none-eabi-9-2019-q4-major/bin/../lib/gcc/arm-none-eabi/9.2.1/../../../../arm-none-eabi/lib/thumb/v7e-m+fp/hard/libc_nano.a(lib_a-wbuf.o)
                0x0000000008001564                __swbuf_r
 .text.__swsetup_r
                0x0000000008001608       0xdc /opt/gcc-arm-none-eabi-9-2019-q4-major/bin/../lib/gcc/arm-none-eabi/9.2.1/../../../../arm-none-eabi/lib/thumb/v7e-m+fp/hard/libc_nano.a(lib_a-wsetup.o)
                0x0000000008001608                __swsetup_r
 .text.__sflush_r
                0x00000000080016e4      0x10c /opt/gcc-arm-none-eabi-9-2019-q4-major/bin/../lib/gcc/arm-none-eabi/9.2.1/../../../../arm-none-eabi/lib/thumb/v7e-m+fp/hard/libc_nano.a(lib_a-fflush.o)
                0x00000000080016e4                __sflush_r
 .text._fflush_r
                0x00000000080017f0       0x78 /opt/gcc-arm-none-eabi-9-2019-q4-major/bin/../lib/gcc/arm-none-eabi/9.2.1/../../../../arm-none-eabi/lib/thumb/v7e-m+fp/hard/libc_nano.a(lib_a-fflush.o)
                0x00000000080017f0                _fflush_r
 .text.std      0x0000000008001868       0x48 /opt/gcc-arm-none-eabi-9-2019-q4-major/bin/../lib/gcc/arm-none-eabi/9.2.1/../../../../arm-none-eabi/lib/thumb/v7e-m+fp/hard/libc_nano.a(lib_a-findfp.o)
 .text._cleanup_r
                0x00000000080018b0        0xc /opt/gcc-arm-none-eabi-9-2019-q4-major/bin/../lib/gcc/arm-none-eabi/9.2.1/../../../../arm-none-eabi/lib/thumb/v7e-m+fp/hard/libc_nano.a(lib_a-findfp.o)
                0x00000000080018b0                _cleanup_r
 .text.__sfmoreglue
                0x00000000080018bc       0x2c /opt/gcc-arm-none-eabi-9-2019-q4-major/bin/../lib/gcc/arm-none-eabi/9.2.1/../../../../arm-none-eabi/lib/thumb/v7e-m+fp/hard/libc_nano.a(lib_a-findfp.o)
                0x00000000080018bc                __sfmoreglue
 .text.__sfp_lock_acquire
                0x00000000080018e8        0xc /opt/gcc-arm-none-eabi-9-2019-q4-major/bin/../lib/gcc/arm-none-eabi/9.2.1/../../../../arm-none-eabi/lib/thumb/v7e-m+fp/hard/libc_nano.a(lib_a-findfp.o)
                0x00000000080018e8                __sfp_lock_acquire
 .text.__sfp_lock_release
                0x00000000080018f4        0xc /opt/gcc-arm-none-eabi-9-2019-q4-major/bin/../lib/gcc/arm-none-eabi/9.2.1/../../../../arm-none-eabi/lib/thumb/v7e-m+fp/hard/libc_nano.a(lib_a-findfp.o)
                0x00000000080018f4                __sfp_lock_release
 .text.__sinit_lock_acquire
                0x0000000008001900        0xc /opt/gcc-arm-none-eabi-9-2019-q4-major/bin/../lib/gcc/arm-none-eabi/9.2.1/../../../../arm-none-eabi/lib/thumb/v7e-m+fp/hard/libc_nano.a(lib_a-findfp.o)
                0x0000000008001900                __sinit_lock_acquire
 .text.__sinit_lock_release
                0x000000000800190c        0xc /opt/gcc-arm-none-eabi-9-2019-q4-major/bin/../lib/gcc/arm-none-eabi/9.2.1/../../../../arm-none-eabi/lib/thumb/v7e-m+fp/hard/libc_nano.a(lib_a-findfp.o)
                0x000000000800190c                __sinit_lock_release
 .text.__sinit  0x0000000008001918       0x70 /opt/gcc-arm-none-eabi-9-2019-q4-major/bin/../lib/gcc/arm-none-eabi/9.2.1/../../../../arm-none-eabi/lib/thumb/v7e-m+fp/hard/libc_nano.a(lib_a-findfp.o)
                0x0000000008001918                __sinit
 .text.__sfp    0x0000000008001988       0x8c /opt/gcc-arm-none-eabi-9-2019-q4-major/bin/../lib/gcc/arm-none-eabi/9.2.1/../../../../arm-none-eabi/lib/thumb/v7e-m+fp/hard/libc_nano.a(lib_a-findfp.o)
                0x0000000008001988                __sfp
 .text._fwalk_reent
                0x0000000008001a14       0x3e /opt/gcc-arm-none-eabi-9-2019-q4-major/bin/../lib/gcc/arm-none-eabi/9.2.1/../../../../arm-none-eabi/lib/thumb/v7e-m+fp/hard/libc_nano.a(lib_a-fwalk.o)
                0x0000000008001a14                _fwalk_reent
 .text.__retarget_lock_init_recursive
                0x0000000008001a52        0x2 /opt/gcc-arm-none-eabi-9-2019-q4-major/bin/../lib/gcc/arm-none-eabi/9.2.1/../../../../arm-none-eabi/lib/thumb/v7e-m+fp/hard/libc_nano.a(lib_a-lock.o)
                0x0000000008001a52                __retarget_lock_init_recursive
 .text.__retarget_lock_acquire_recursive
                0x0000000008001a54        0x2 /opt/gcc-arm-none-eabi-9-2019-q4-major/bin/../lib/gcc/arm-none-eabi/9.2.1/../../../../arm-none-eabi/lib/thumb/v7e-m+fp/hard/libc_nano.a(lib_a-lock.o)
                0x0000000008001a54                __retarget_lock_acquire_recursive
 .text.__retarget_lock_release_recursive
                0x0000000008001a56        0x2 /opt/gcc-arm-none-eabi-9-2019-q4-major/bin/../lib/gcc/arm-none-eabi/9.2.1/../../../../arm-none-eabi/lib/thumb/v7e-m+fp/hard/libc_nano.a(lib_a-lock.o)
                0x0000000008001a56                __retarget_lock_release_recursive
 .text.__swhatbuf_r
                0x0000000008001a58       0x48 /opt/gcc-arm-none-eabi-9-2019-q4-major/bin/../lib/gcc/arm-none-eabi/9.2.1/../../../../arm-none-eabi/lib/thumb/v7e-m+fp/hard/libc_nano.a(lib_a-makebuf.o)
                0x0000000008001a58                __swhatbuf_r
 .text.__smakebuf_r
                0x0000000008001aa0       0x80 /opt/gcc-arm-none-eabi-9-2019-q4-major/bin/../lib/gcc/arm-none-eabi/9.2.1/../../../../arm-none-eabi/lib/thumb/v7e-m+fp/hard/libc_nano.a(lib_a-makebuf.o)
                0x0000000008001aa0                __smakebuf_r
 .text.__malloc_lock
                0x0000000008001b20        0xc /opt/gcc-arm-none-eabi-9-2019-q4-major/bin/../lib/gcc/arm-none-eabi/9.2.1/../../../../arm-none-eabi/lib/thumb/v7e-m+fp/hard/libc_nano.a(lib_a-mlock.o)
                0x0000000008001b20                __malloc_lock
 .text.__malloc_unlock
                0x0000000008001b2c        0xc /opt/gcc-arm-none-eabi-9-2019-q4-major/bin/../lib/gcc/arm-none-eabi/9.2.1/../../../../arm-none-eabi/lib/thumb/v7e-m+fp/hard/libc_nano.a(lib_a-mlock.o)
                0x0000000008001b2c                __malloc_unlock
 .text.__sfputc_r
                0x0000000008001b38       0x2e /opt/gcc-arm-none-eabi-9-2019-q4-major/bin/../lib/gcc/arm-none-eabi/9.2.1/../../../../arm-none-eabi/lib/thumb/v7e-m+fp/hard/libc_nano.a(lib_a-nano-vfprintf.o)
 .text.__sfputs_r
                0x0000000008001b66       0x24 /opt/gcc-arm-none-eabi-9-2019-q4-major/bin/../lib/gcc/arm-none-eabi/9.2.1/../../../../arm-none-eabi/lib/thumb/v7e-m+fp/hard/libc_nano.a(lib_a-nano-vfprintf.o)
                0x0000000008001b66                __sfputs_r
 *fill*         0x0000000008001b8a        0x2 
 .text._vfprintf_r
                0x0000000008001b8c      0x260 /opt/gcc-arm-none-eabi-9-2019-q4-major/bin/../lib/gcc/arm-none-eabi/9.2.1/../../../../arm-none-eabi/lib/thumb/v7e-m+fp/hard/libc_nano.a(lib_a-nano-vfprintf.o)
                0x0000000008001b8c                _vfiprintf_r
                0x0000000008001b8c                _vfprintf_r
 .text._printf_common
                0x0000000008001dec       0xda /opt/gcc-arm-none-eabi-9-2019-q4-major/bin/../lib/gcc/arm-none-eabi/9.2.1/../../../../arm-none-eabi/lib/thumb/v7e-m+fp/hard/libc_nano.a(lib_a-nano-vfprintf_i.o)
                0x0000000008001dec                _printf_common
 *fill*         0x0000000008001ec6        0x2 
 .text._printf_i
                0x0000000008001ec8      0x24c /opt/gcc-arm-none-eabi-9-2019-q4-major/bin/../lib/gcc/arm-none-eabi/9.2.1/../../../../arm-none-eabi/lib/thumb/v7e-m+fp/hard/libc_nano.a(lib_a-nano-vfprintf_i.o)
                0x0000000008001ec8                _printf_i
 .text.__sread  0x0000000008002114       0x22 /opt/gcc-arm-none-eabi-9-2019-q4-major/bin/../lib/gcc/arm-none-eabi/9.2.1/../../../../arm-none-eabi/lib/thumb/v7e-m+fp/hard/libc_nano.a(lib_a-stdio.o)
                0x0000000008002114                __sread
 .text.__swrite
                0x0000000008002136       0x38 /opt/gcc-arm-none-eabi-9-2019-q4-major/bin/../lib/gcc/arm-none-eabi/9.2.1/../../../../arm-none-eabi/lib/thumb/v7e-m+fp/hard/libc_nano.a(lib_a-stdio.o)
                0x0000000008002136                __swrite
 .text.__sseek  0x000000000800216e       0x24 /opt/gcc-arm-none-eabi-9-2019-q4-major/bin/../lib/gcc/arm-none-eabi/9.2.1/../../../../arm-none-eabi/lib/thumb/v7e-m+fp/hard/libc_nano.a(lib_a-stdio.o)
                0x000000000800216e                __sseek
 .text.__sclose
                0x0000000008002192        0x8 /opt/gcc-arm-none-eabi-9-2019-q4-major/bin/../lib/gcc/arm-none-eabi/9.2.1/../../../../arm-none-eabi/lib/thumb/v7e-m+fp/hard/libc_nano.a(lib_a-stdio.o)
                0x0000000008002192                __sclose
 *fill*         0x000000000800219a        0x6 
 .text          0x00000000080021a0       0xa0 /opt/gcc-arm-none-eabi-9-2019-q4-major/bin/../lib/gcc/arm-none-eabi/9.2.1/../../../../arm-none-eabi/lib/thumb/v7e-m+fp/hard/libc_nano.a(lib_a-memchr.o)
                0x00000000080021a0                memchr
 *(.glue_7t)
 .glue_7t       0x0000000008002240        0x0 linker stubs
 *(.glue_7)
 .glue_7        0x0000000008002240        0x0 linker stubs
 *(.rodata .rodata* .gnu.linkonce.r.*)
 .rodata.main.str1.1
                0x0000000008002240       0xc0 /home/user/RIOT/Tutorials/test-01/bin/nucleo-f401re/application_indHW1/main.o
 .rodata.main_trampoline.str1.1
                0x0000000008002300       0x2a /home/user/RIOT/Tutorials/test-01/bin/nucleo-f401re/core/init.o
 .rodata.kernel_init.str1.1
                0x000000000800232a        0x5 /home/user/RIOT/Tutorials/test-01/bin/nucleo-f401re/core/init.o
 .rodata.core_panic.str1.1
                0x000000000800232f       0x2f /home/user/RIOT/Tutorials/test-01/bin/nucleo-f401re/core/panic.o
 .rodata.nmi_default.str1.1
                0x000000000800235e        0xc /home/user/RIOT/Tutorials/test-01/bin/nucleo-f401re/cortexm_common/vectors_cortexm.o
 .rodata.hard_fault_default.str1.1
                0x000000000800236a       0x13 /home/user/RIOT/Tutorials/test-01/bin/nucleo-f401re/cortexm_common/vectors_cortexm.o
 .rodata.mem_manage_default.str1.1
                0x000000000800237d       0x13 /home/user/RIOT/Tutorials/test-01/bin/nucleo-f401re/cortexm_common/vectors_cortexm.o
 .rodata.bus_fault_default.str1.1
                0x0000000008002390       0x12 /home/user/RIOT/Tutorials/test-01/bin/nucleo-f401re/cortexm_common/vectors_cortexm.o
 .rodata.usage_fault_default.str1.1
                0x00000000080023a2       0x14 /home/user/RIOT/Tutorials/test-01/bin/nucleo-f401re/cortexm_common/vectors_cortexm.o
 .rodata.debug_mon_default.str1.1
                0x00000000080023b6       0x12 /home/user/RIOT/Tutorials/test-01/bin/nucleo-f401re/cortexm_common/vectors_cortexm.o
 .rodata.dummy_handler_default.str1.1
                0x00000000080023c8        0xe /home/user/RIOT/Tutorials/test-01/bin/nucleo-f401re/cortexm_common/vectors_cortexm.o
 .rodata.apbmul
                0x00000000080023d6        0x2 /home/user/RIOT/Tutorials/test-01/bin/nucleo-f401re/cpu/cpu_common.o
 .rodata.adc_config
                0x00000000080023d8       0x30 /home/user/RIOT/Tutorials/test-01/bin/nucleo-f401re/periph/adc_f4.o
 .rodata.timer_config
                0x0000000008002408       0x10 /home/user/RIOT/Tutorials/test-01/bin/nucleo-f401re/periph/timer.o
 .rodata.uart_config
                0x0000000008002418       0x3c /home/user/RIOT/Tutorials/test-01/bin/nucleo-f401re/periph/uart.o
 .rodata._global_impure_ptr
                0x0000000008002454        0x4 /opt/gcc-arm-none-eabi-9-2019-q4-major/bin/../lib/gcc/arm-none-eabi/9.2.1/../../../../arm-none-eabi/lib/thumb/v7e-m+fp/hard/libc_nano.a(lib_a-impure.o)
                0x0000000008002454                _global_impure_ptr
 .rodata.__sf_fake_stderr
                0x0000000008002458       0x20 /opt/gcc-arm-none-eabi-9-2019-q4-major/bin/../lib/gcc/arm-none-eabi/9.2.1/../../../../arm-none-eabi/lib/thumb/v7e-m+fp/hard/libc_nano.a(lib_a-findfp.o)
                0x0000000008002458                __sf_fake_stderr
 .rodata.__sf_fake_stdin
                0x0000000008002478       0x20 /opt/gcc-arm-none-eabi-9-2019-q4-major/bin/../lib/gcc/arm-none-eabi/9.2.1/../../../../arm-none-eabi/lib/thumb/v7e-m+fp/hard/libc_nano.a(lib_a-findfp.o)
                0x0000000008002478                __sf_fake_stdin
 .rodata.__sf_fake_stdout
                0x0000000008002498       0x20 /opt/gcc-arm-none-eabi-9-2019-q4-major/bin/../lib/gcc/arm-none-eabi/9.2.1/../../../../arm-none-eabi/lib/thumb/v7e-m+fp/hard/libc_nano.a(lib_a-findfp.o)
                0x0000000008002498                __sf_fake_stdout
 .rodata._vfprintf_r.str1.1
                0x00000000080024b8       0x11 /opt/gcc-arm-none-eabi-9-2019-q4-major/bin/../lib/gcc/arm-none-eabi/9.2.1/../../../../arm-none-eabi/lib/thumb/v7e-m+fp/hard/libc_nano.a(lib_a-nano-vfprintf.o)
 .rodata._printf_i.str1.1
                0x00000000080024c9       0x22 /opt/gcc-arm-none-eabi-9-2019-q4-major/bin/../lib/gcc/arm-none-eabi/9.2.1/../../../../arm-none-eabi/lib/thumb/v7e-m+fp/hard/libc_nano.a(lib_a-nano-vfprintf_i.o)
 *(.ARM.extab* .gnu.linkonce.armextab.*)
                0x00000000080024ec                . = ALIGN (0x4)
 *fill*         0x00000000080024eb        0x1 
 *(.init)
                0x00000000080024ec                . = ALIGN (0x4)
                0x00000000080024ec                __preinit_array_start = .
 *(.preinit_array)
                0x00000000080024ec                __preinit_array_end = .
                0x00000000080024ec                . = ALIGN (0x4)
                0x00000000080024ec                __init_array_start = .
 *(SORT_BY_NAME(.init_array.*))
 *(.init_array)
                0x00000000080024ec                __init_array_end = .
                0x00000000080024ec                . = ALIGN (0x4)
 *crtbegin.o(.ctors)
 *(EXCLUDE_FILE(*crtend.o) .ctors)
 *(SORT_BY_NAME(.ctors.*))
 *crtend.o(.ctors)
                0x00000000080024ec                . = ALIGN (0x4)
 *(.fini)
                0x00000000080024ec                . = ALIGN (0x4)
                0x00000000080024ec                __fini_array_start = .
 *(.fini_array)
 *(SORT_BY_NAME(.fini_array.*))
                0x00000000080024ec                __fini_array_end = .
 *crtbegin.o(.dtors)
 *(EXCLUDE_FILE(*crtend.o) .dtors)
 *(SORT_BY_NAME(.dtors.*))
 *crtend.o(.dtors)
                0x00000000080024ec                . = ALIGN (0x4)
                0x00000000080024ec                _efixed = .

.vfp11_veneer   0x00000000080024ec        0x0
 .vfp11_veneer  0x00000000080024ec        0x0 linker stubs

.v4_bx          0x00000000080024ec        0x0
 .v4_bx         0x00000000080024ec        0x0 linker stubs

.iplt           0x00000000080024ec        0x0
 .iplt          0x00000000080024ec        0x0 /home/user/RIOT/Tutorials/test-01/bin/nucleo-f401re/analog_util/adc_util.o

.igot.plt       0x00000000080024ec        0x0
 .igot.plt      0x00000000080024ec        0x0 /home/user/RIOT/Tutorials/test-01/bin/nucleo-f401re/analog_util/adc_util.o

.rel.dyn        0x00000000080024ec        0x0
 .rel.iplt      0x00000000080024ec        0x0 /home/user/RIOT/Tutorials/test-01/bin/nucleo-f401re/analog_util/adc_util.o

.tdata          0x00000000080024ec        0x0
                0x00000000080024ec                __tdata_start = .
 *(.tdata .tdata.* .gnu.linkonce.td.*)
                0x00000000080024ec                __tdata_end = .
                0x00000000080024ec                __tdata_source = LOADADDR (.tdata)
                0x0000000000000000                __tdata_size = SIZEOF (.tdata)

.tbss           0x00000000080024ec        0x0
 *(.tbss .tbss.* .gnu.linkonce.tb.*)
 *(.tcommon)
                0x00000000080024ec                __tbss_end = .
                0x0000000000000000                __tls_size = (__tbss_end - __tdata_start)
                0x0000000000000000                __tbss_size = (__tls_size - __tdata_size)
                [!provide]                        PROVIDE (__exidx_start = .)

.ARM.exidx
 *(.ARM.exidx* .gnu.linkonce.armexidx.*)
                [!provide]                        PROVIDE (__exidx_end = .)
                0x00000000080024ec                . = ALIGN (0x4)

.eh_frame
 *(.eh_frame)
                0x00000000080024ec                . = ALIGN (0x4)
                0x00000000080024ec                _etext = .

.stack          0x0000000020000000      0x200
 *(.puf)
                0x0000000020000000                . = ALIGN (0x8)
                0x0000000020000000                _sstack = .
 *(.isr_stack)
 .isr_stack     0x0000000020000000      0x200 /home/user/RIOT/Tutorials/test-01/bin/nucleo-f401re/cortexm_common/vectors_cortexm.o
                0x0000000020000000                isr_stack
                0x0000000020000200                . = ALIGN (0x8)
                0x0000000020000200                _estack = .

.relocate       0x0000000020000200       0x70 load address 0x00000000080024ec
                0x0000000020000200                . = ALIGN (0x4)
                0x0000000020000200                _srelocate = .
 *(.ramfunc .ramfunc.*)
 *(.data .data.*)
 .data.heap_top
                0x0000000020000200        0x4 /home/user/RIOT/Tutorials/test-01/bin/nucleo-f401re/newlib_syscalls_default/syscalls.o
 .data.pm_blocker
                0x0000000020000204        0x4 /home/user/RIOT/Tutorials/test-01/bin/nucleo-f401re/pm_layered/pm.o
 .data._impure_ptr
                0x0000000020000208        0x4 /opt/gcc-arm-none-eabi-9-2019-q4-major/bin/../lib/gcc/arm-none-eabi/9.2.1/../../../../arm-none-eabi/lib/thumb/v7e-m+fp/hard/libc_nano.a(lib_a-impure.o)
                0x0000000020000208                _impure_ptr
 .data.impure_data
                0x000000002000020c       0x60 /opt/gcc-arm-none-eabi-9-2019-q4-major/bin/../lib/gcc/arm-none-eabi/9.2.1/../../../../arm-none-eabi/lib/thumb/v7e-m+fp/hard/libc_nano.a(lib_a-impure.o)
 *(.openocd .openocd.*)
 .openocd       0x000000002000026c        0x1 /home/user/RIOT/Tutorials/test-01/bin/nucleo-f401re/core/sched.o
                0x000000002000026c                max_threads
                0x0000000020000270                . = ALIGN (0x4)
 *fill*         0x000000002000026d        0x3 
                0x0000000020000270                _erelocate = .

.bss            0x0000000020000270      0x73c load address 0x000000000800255c
                0x0000000020000270                . = ALIGN (0x4)
                0x0000000020000270                _sbss = .
                0x0000000020000270                _szero = .
 *(.bss .bss.*)
 .bss.main_stack
                0x0000000020000270      0x600 /home/user/RIOT/Tutorials/test-01/bin/nucleo-f401re/core/init.o
 .bss.crashed   0x0000000020000870        0x4 /home/user/RIOT/Tutorials/test-01/bin/nucleo-f401re/core/panic.o
 .bss.runqueue_bitcache
                0x0000000020000874        0x4 /home/user/RIOT/Tutorials/test-01/bin/nucleo-f401re/core/sched.o
 .bss.sched_active_pid
                0x0000000020000878        0x2 /home/user/RIOT/Tutorials/test-01/bin/nucleo-f401re/core/sched.o
                0x0000000020000878                sched_active_pid
 *fill*         0x000000002000087a        0x2 
 .bss.sched_active_thread
                0x000000002000087c        0x4 /home/user/RIOT/Tutorials/test-01/bin/nucleo-f401re/core/sched.o
                0x000000002000087c                sched_active_thread
 .bss.sched_context_switch_request
                0x0000000020000880        0x4 /home/user/RIOT/Tutorials/test-01/bin/nucleo-f401re/core/sched.o
                0x0000000020000880                sched_context_switch_request
 .bss.sched_num_threads
                0x0000000020000884        0x4 /home/user/RIOT/Tutorials/test-01/bin/nucleo-f401re/core/sched.o
                0x0000000020000884                sched_num_threads
 .bss.sched_runqueues
                0x0000000020000888       0x40 /home/user/RIOT/Tutorials/test-01/bin/nucleo-f401re/core/sched.o
                0x0000000020000888                sched_runqueues
 .bss.sched_threads
                0x00000000200008c8       0x84 /home/user/RIOT/Tutorials/test-01/bin/nucleo-f401re/core/sched.o
                0x00000000200008c8                sched_threads
 .bss.locks     0x000000002000094c        0x4 /home/user/RIOT/Tutorials/test-01/bin/nucleo-f401re/periph/adc_f4.o
 .bss.isr_ctx   0x0000000020000950        0x8 /home/user/RIOT/Tutorials/test-01/bin/nucleo-f401re/periph/timer.o
 .bss.isr_ctx   0x0000000020000958       0x24 /home/user/RIOT/Tutorials/test-01/bin/nucleo-f401re/periph/uart.o
 .bss._in_handler
                0x000000002000097c        0x4 /home/user/RIOT/Tutorials/test-01/bin/nucleo-f401re/xtimer/xtimer_core.o
 .bss._lltimer_ongoing
                0x0000000020000980        0x1 /home/user/RIOT/Tutorials/test-01/bin/nucleo-f401re/xtimer/xtimer_core.o
 *fill*         0x0000000020000981        0x7 
 .bss._xtimer_current_time
                0x0000000020000988        0x8 /home/user/RIOT/Tutorials/test-01/bin/nucleo-f401re/xtimer/xtimer_core.o
                0x0000000020000988                _xtimer_current_time
 .bss.long_list_head
                0x0000000020000990        0x4 /home/user/RIOT/Tutorials/test-01/bin/nucleo-f401re/xtimer/xtimer_core.o
 .bss.timer_list_head
                0x0000000020000994        0x4 /home/user/RIOT/Tutorials/test-01/bin/nucleo-f401re/xtimer/xtimer_core.o
 .bss.__malloc_free_list
                0x0000000020000998        0x4 /opt/gcc-arm-none-eabi-9-2019-q4-major/bin/../lib/gcc/arm-none-eabi/9.2.1/../../../../arm-none-eabi/lib/thumb/v7e-m+fp/hard/libc_nano.a(lib_a-nano-mallocr.o)
                0x0000000020000998                __malloc_free_list
 .bss.__malloc_sbrk_start
                0x000000002000099c        0x4 /opt/gcc-arm-none-eabi-9-2019-q4-major/bin/../lib/gcc/arm-none-eabi/9.2.1/../../../../arm-none-eabi/lib/thumb/v7e-m+fp/hard/libc_nano.a(lib_a-nano-mallocr.o)
                0x000000002000099c                __malloc_sbrk_start
 *(COMMON)
 COMMON         0x00000000200009a0        0x9 /opt/gcc-arm-none-eabi-9-2019-q4-major/bin/../lib/gcc/arm-none-eabi/9.2.1/../../../../arm-none-eabi/lib/thumb/v7e-m+fp/hard/libc_nano.a(lib_a-lock.o)
                0x00000000200009a0                __lock___atexit_recursive_mutex
                0x00000000200009a1                __lock___arc4random_mutex
                0x00000000200009a2                __lock___env_recursive_mutex
                0x00000000200009a3                __lock___sinit_recursive_mutex
                0x00000000200009a4                __lock___malloc_recursive_mutex
                0x00000000200009a5                __lock___at_quick_exit_mutex
                0x00000000200009a6                __lock___dd_hash_mutex
                0x00000000200009a7                __lock___tz_mutex
                0x00000000200009a8                __lock___sfp_recursive_mutex
                0x00000000200009ac                . = ALIGN (0x4)
 *fill*         0x00000000200009a9        0x3 
                0x00000000200009ac                _ebss = .
                0x00000000200009ac                _ezero = .

.noinit         0x00000000200009ac        0x0 load address 0x000000000800255c
                0x00000000200009ac                __noinit_start = .
 *(.noinit)
                0x00000000200009ac                . = ALIGN (0x4)
                0x00000000200009ac                __noinit_end = .
                0x00000000200009ac                . = ALIGN (0x4)
                0x00000000200009ac                _sheap = .
                0x0000000020018000                _eheap = (ORIGIN (ram) + LENGTH (ram))
                0x0000000020000000                _sram = ORIGIN (ram)
                0x0000000020018000                _eram = (ORIGIN (ram) + LENGTH (ram))
                0x000000000800255c                _sbackup_data_load = LOADADDR (.backup.data)

.backup.data    0x0000000000000000        0x0 load address 0x000000000800255c
                0x0000000000000000                _sbackup_data = .
 *(.backup.data)
                0x0000000000000000                _ebackup_data = .
                0x0000000000000000                . = ALIGN (0x4)

.backup.bss     0x0000000000000000        0x0 load address 0x000000000800255c
                0x0000000000000000                _sbackup_bss = .
 *(.backup.bss)
                0x0000000000000000                _ebackup_bss = .
                0x0000000000000000                . = ALIGN (0x4)

.heap3          0x0000000000000000        0x0 load address 0x000000000800255c
                0x0000000000000000                _sheap1 = .
                0x0000000000000000                _eheap1 = (ORIGIN (bkup-ram) + LENGTH (bkup-ram))
OUTPUT(/home/user/RIOT/Tutorials/test-01/bin/nucleo-f401re/indHW1.elf elf32-littlearm)

.debug_info     0x0000000000000000    0x2cf4b
 .debug_info    0x0000000000000000     0x189d /home/user/RIOT/Tutorials/test-01/bin/nucleo-f401re/analog_util/adc_util.o
 .debug_info    0x000000000000189d     0x1c28 /home/user/RIOT/Tutorials/test-01/bin/nucleo-f401re/application_indHW1/main.o
 .debug_info    0x00000000000034c5      0xbd2 /home/user/RIOT/Tutorials/test-01/bin/nucleo-f401re/auto_init/auto_init.o
 .debug_info    0x0000000000004097     0x19ae /home/user/RIOT/Tutorials/test-01/bin/nucleo-f401re/boards_common_nucleo/board_common_nucleo_init.o
 .debug_info    0x0000000000005a45      0xea9 /home/user/RIOT/Tutorials/test-01/bin/nucleo-f401re/core/init.o
 .debug_info    0x00000000000068ee     0x1954 /home/user/RIOT/Tutorials/test-01/bin/nucleo-f401re/core/mutex.o
 .debug_info    0x0000000000008242      0xec7 /home/user/RIOT/Tutorials/test-01/bin/nucleo-f401re/core/panic.o
 .debug_info    0x0000000000009109     0x1297 /home/user/RIOT/Tutorials/test-01/bin/nucleo-f401re/core/sched.o
 .debug_info    0x000000000000a3a0     0x1ac8 /home/user/RIOT/Tutorials/test-01/bin/nucleo-f401re/core/thread.o
 .debug_info    0x000000000000be68     0x13a1 /home/user/RIOT/Tutorials/test-01/bin/nucleo-f401re/cortexm_common/cortexm_init.o
 .debug_info    0x000000000000d209      0xca7 /home/user/RIOT/Tutorials/test-01/bin/nucleo-f401re/cortexm_common/panic.o
 .debug_info    0x000000000000deb0      0xec2 /home/user/RIOT/Tutorials/test-01/bin/nucleo-f401re/cortexm_common_periph/pm.o
 .debug_info    0x000000000000ed72     0x12bb /home/user/RIOT/Tutorials/test-01/bin/nucleo-f401re/cortexm_common/thread_arch.o
 .debug_info    0x000000000001002d     0x1cd8 /home/user/RIOT/Tutorials/test-01/bin/nucleo-f401re/cortexm_common/vectors_cortexm.o
 .debug_info    0x0000000000011d05     0x1b01 /home/user/RIOT/Tutorials/test-01/bin/nucleo-f401re/cpu/cpu_common.o
 .debug_info    0x0000000000013806     0x1dbb /home/user/RIOT/Tutorials/test-01/bin/nucleo-f401re/cpu/cpu_init.o
 .debug_info    0x00000000000155c1     0x2945 /home/user/RIOT/Tutorials/test-01/bin/nucleo-f401re/newlib_syscalls_default/syscalls.o
 .debug_info    0x0000000000017f06     0x1bf9 /home/user/RIOT/Tutorials/test-01/bin/nucleo-f401re/periph/adc_f4.o
 .debug_info    0x0000000000019aff      0xca7 /home/user/RIOT/Tutorials/test-01/bin/nucleo-f401re/periph_common/init.o
 .debug_info    0x000000000001a7a6     0x1f89 /home/user/RIOT/Tutorials/test-01/bin/nucleo-f401re/periph/gpio_all.o
 .debug_info    0x000000000001c72f     0x10d2 /home/user/RIOT/Tutorials/test-01/bin/nucleo-f401re/periph/pm.o
 .debug_info    0x000000000001d801     0x1ecb /home/user/RIOT/Tutorials/test-01/bin/nucleo-f401re/periph/timer.o
 .debug_info    0x000000000001f6cc     0x2160 /home/user/RIOT/Tutorials/test-01/bin/nucleo-f401re/periph/uart.o
 .debug_info    0x000000000002182c     0x119c /home/user/RIOT/Tutorials/test-01/bin/nucleo-f401re/pm_layered/pm.o
 .debug_info    0x00000000000229c8     0x1b14 /home/user/RIOT/Tutorials/test-01/bin/nucleo-f401re/stdio_uart/stdio_uart.o
 .debug_info    0x00000000000244dc     0x19d3 /home/user/RIOT/Tutorials/test-01/bin/nucleo-f401re/stm32_clk/stmclk_common.o
 .debug_info    0x0000000000025eaf     0x1b47 /home/user/RIOT/Tutorials/test-01/bin/nucleo-f401re/stm32_clk/stmclk_f2f4f7.o
 .debug_info    0x00000000000279f6      0x294 /home/user/RIOT/Tutorials/test-01/bin/nucleo-f401re/stm32_vectors/STM32F401xE.o
 .debug_info    0x0000000000027c8a     0x2447 /home/user/RIOT/Tutorials/test-01/bin/nucleo-f401re/xtimer/xtimer_core.o
 .debug_info    0x000000000002a0d1     0x2e7a /home/user/RIOT/Tutorials/test-01/bin/nucleo-f401re/xtimer/xtimer.o

.debug_abbrev   0x0000000000000000     0x6d21
 .debug_abbrev  0x0000000000000000      0x2fa /home/user/RIOT/Tutorials/test-01/bin/nucleo-f401re/analog_util/adc_util.o
 .debug_abbrev  0x00000000000002fa      0x380 /home/user/RIOT/Tutorials/test-01/bin/nucleo-f401re/application_indHW1/main.o
 .debug_abbrev  0x000000000000067a      0x1fd /home/user/RIOT/Tutorials/test-01/bin/nucleo-f401re/auto_init/auto_init.o
 .debug_abbrev  0x0000000000000877      0x2fb /home/user/RIOT/Tutorials/test-01/bin/nucleo-f401re/boards_common_nucleo/board_common_nucleo_init.o
 .debug_abbrev  0x0000000000000b72      0x32c /home/user/RIOT/Tutorials/test-01/bin/nucleo-f401re/core/init.o
 .debug_abbrev  0x0000000000000e9e      0x3fc /home/user/RIOT/Tutorials/test-01/bin/nucleo-f401re/core/mutex.o
 .debug_abbrev  0x000000000000129a      0x34c /home/user/RIOT/Tutorials/test-01/bin/nucleo-f401re/core/panic.o
 .debug_abbrev  0x00000000000015e6      0x453 /home/user/RIOT/Tutorials/test-01/bin/nucleo-f401re/core/sched.o
 .debug_abbrev  0x0000000000001a39      0x536 /home/user/RIOT/Tutorials/test-01/bin/nucleo-f401re/core/thread.o
 .debug_abbrev  0x0000000000001f6f      0x3c9 /home/user/RIOT/Tutorials/test-01/bin/nucleo-f401re/cortexm_common/cortexm_init.o
 .debug_abbrev  0x0000000000002338      0x26a /home/user/RIOT/Tutorials/test-01/bin/nucleo-f401re/cortexm_common/panic.o
 .debug_abbrev  0x00000000000025a2      0x2cc /home/user/RIOT/Tutorials/test-01/bin/nucleo-f401re/cortexm_common_periph/pm.o
 .debug_abbrev  0x000000000000286e      0x476 /home/user/RIOT/Tutorials/test-01/bin/nucleo-f401re/cortexm_common/thread_arch.o
 .debug_abbrev  0x0000000000002ce4      0x388 /home/user/RIOT/Tutorials/test-01/bin/nucleo-f401re/cortexm_common/vectors_cortexm.o
 .debug_abbrev  0x000000000000306c      0x3b1 /home/user/RIOT/Tutorials/test-01/bin/nucleo-f401re/cpu/cpu_common.o
 .debug_abbrev  0x000000000000341d      0x34c /home/user/RIOT/Tutorials/test-01/bin/nucleo-f401re/cpu/cpu_init.o
 .debug_abbrev  0x0000000000003769      0x571 /home/user/RIOT/Tutorials/test-01/bin/nucleo-f401re/newlib_syscalls_default/syscalls.o
 .debug_abbrev  0x0000000000003cda      0x39a /home/user/RIOT/Tutorials/test-01/bin/nucleo-f401re/periph/adc_f4.o
 .debug_abbrev  0x0000000000004074      0x26a /home/user/RIOT/Tutorials/test-01/bin/nucleo-f401re/periph_common/init.o
 .debug_abbrev  0x00000000000042de      0x401 /home/user/RIOT/Tutorials/test-01/bin/nucleo-f401re/periph/gpio_all.o
 .debug_abbrev  0x00000000000046df      0x39d /home/user/RIOT/Tutorials/test-01/bin/nucleo-f401re/periph/pm.o
 .debug_abbrev  0x0000000000004a7c      0x497 /home/user/RIOT/Tutorials/test-01/bin/nucleo-f401re/periph/timer.o
 .debug_abbrev  0x0000000000004f13      0x515 /home/user/RIOT/Tutorials/test-01/bin/nucleo-f401re/periph/uart.o
 .debug_abbrev  0x0000000000005428      0x385 /home/user/RIOT/Tutorials/test-01/bin/nucleo-f401re/pm_layered/pm.o
 .debug_abbrev  0x00000000000057ad      0x357 /home/user/RIOT/Tutorials/test-01/bin/nucleo-f401re/stdio_uart/stdio_uart.o
 .debug_abbrev  0x0000000000005b04      0x2d2 /home/user/RIOT/Tutorials/test-01/bin/nucleo-f401re/stm32_clk/stmclk_common.o
 .debug_abbrev  0x0000000000005dd6      0x38e /home/user/RIOT/Tutorials/test-01/bin/nucleo-f401re/stm32_clk/stmclk_f2f4f7.o
 .debug_abbrev  0x0000000000006164       0xf4 /home/user/RIOT/Tutorials/test-01/bin/nucleo-f401re/stm32_vectors/STM32F401xE.o
 .debug_abbrev  0x0000000000006258      0x563 /home/user/RIOT/Tutorials/test-01/bin/nucleo-f401re/xtimer/xtimer_core.o
 .debug_abbrev  0x00000000000067bb      0x566 /home/user/RIOT/Tutorials/test-01/bin/nucleo-f401re/xtimer/xtimer.o

.debug_loc      0x0000000000000000     0x5394
 .debug_loc     0x0000000000000000      0x1dd /home/user/RIOT/Tutorials/test-01/bin/nucleo-f401re/analog_util/adc_util.o
 .debug_loc     0x00000000000001dd       0xe3 /home/user/RIOT/Tutorials/test-01/bin/nucleo-f401re/application_indHW1/main.o
 .debug_loc     0x00000000000002c0       0x2a /home/user/RIOT/Tutorials/test-01/bin/nucleo-f401re/boards_common_nucleo/board_common_nucleo_init.o
 .debug_loc     0x00000000000002ea       0x4f /home/user/RIOT/Tutorials/test-01/bin/nucleo-f401re/core/init.o
 .debug_loc     0x0000000000000339      0x870 /home/user/RIOT/Tutorials/test-01/bin/nucleo-f401re/core/mutex.o
 .debug_loc     0x0000000000000ba9       0x71 /home/user/RIOT/Tutorials/test-01/bin/nucleo-f401re/core/panic.o
 .debug_loc     0x0000000000000c1a      0x36e /home/user/RIOT/Tutorials/test-01/bin/nucleo-f401re/core/sched.o
 .debug_loc     0x0000000000000f88      0x9b5 /home/user/RIOT/Tutorials/test-01/bin/nucleo-f401re/core/thread.o
 .debug_loc     0x000000000000193d      0x194 /home/user/RIOT/Tutorials/test-01/bin/nucleo-f401re/cortexm_common/cortexm_init.o
 .debug_loc     0x0000000000001ad1       0x2a /home/user/RIOT/Tutorials/test-01/bin/nucleo-f401re/cortexm_common/panic.o
 .debug_loc     0x0000000000001afb       0x2a /home/user/RIOT/Tutorials/test-01/bin/nucleo-f401re/cortexm_common_periph/pm.o
 .debug_loc     0x0000000000001b25      0x243 /home/user/RIOT/Tutorials/test-01/bin/nucleo-f401re/cortexm_common/thread_arch.o
 .debug_loc     0x0000000000001d68       0xcf /home/user/RIOT/Tutorials/test-01/bin/nucleo-f401re/cortexm_common/vectors_cortexm.o
 .debug_loc     0x0000000000001e37      0x2ed /home/user/RIOT/Tutorials/test-01/bin/nucleo-f401re/cpu/cpu_common.o
 .debug_loc     0x0000000000002124      0x1e3 /home/user/RIOT/Tutorials/test-01/bin/nucleo-f401re/cpu/cpu_init.o
 .debug_loc     0x0000000000002307      0x6af /home/user/RIOT/Tutorials/test-01/bin/nucleo-f401re/newlib_syscalls_default/syscalls.o
 .debug_loc     0x00000000000029b6      0x1cb /home/user/RIOT/Tutorials/test-01/bin/nucleo-f401re/periph/adc_f4.o
 .debug_loc     0x0000000000002b81       0x2a /home/user/RIOT/Tutorials/test-01/bin/nucleo-f401re/periph_common/init.o
 .debug_loc     0x0000000000002bab      0x504 /home/user/RIOT/Tutorials/test-01/bin/nucleo-f401re/periph/gpio_all.o
 .debug_loc     0x00000000000030af      0x143 /home/user/RIOT/Tutorials/test-01/bin/nucleo-f401re/periph/pm.o
 .debug_loc     0x00000000000031f2      0x40f /home/user/RIOT/Tutorials/test-01/bin/nucleo-f401re/periph/timer.o
 .debug_loc     0x0000000000003601      0x482 /home/user/RIOT/Tutorials/test-01/bin/nucleo-f401re/periph/uart.o
 .debug_loc     0x0000000000003a83      0x2b7 /home/user/RIOT/Tutorials/test-01/bin/nucleo-f401re/pm_layered/pm.o
 .debug_loc     0x0000000000003d3a       0xb0 /home/user/RIOT/Tutorials/test-01/bin/nucleo-f401re/stdio_uart/stdio_uart.o
 .debug_loc     0x0000000000003dea       0x2a /home/user/RIOT/Tutorials/test-01/bin/nucleo-f401re/stm32_clk/stmclk_common.o
 .debug_loc     0x0000000000003e14       0x93 /home/user/RIOT/Tutorials/test-01/bin/nucleo-f401re/stm32_clk/stmclk_f2f4f7.o
 .debug_loc     0x0000000000003ea7      0x6d2 /home/user/RIOT/Tutorials/test-01/bin/nucleo-f401re/xtimer/xtimer_core.o
 .debug_loc     0x0000000000004579      0xe1b /home/user/RIOT/Tutorials/test-01/bin/nucleo-f401re/xtimer/xtimer.o

.debug_aranges  0x0000000000000000      0x888
 .debug_aranges
                0x0000000000000000       0x38 /home/user/RIOT/Tutorials/test-01/bin/nucleo-f401re/analog_util/adc_util.o
 .debug_aranges
                0x0000000000000038       0x28 /home/user/RIOT/Tutorials/test-01/bin/nucleo-f401re/application_indHW1/main.o
 .debug_aranges
                0x0000000000000060       0x20 /home/user/RIOT/Tutorials/test-01/bin/nucleo-f401re/auto_init/auto_init.o
 .debug_aranges
                0x0000000000000080       0x30 /home/user/RIOT/Tutorials/test-01/bin/nucleo-f401re/boards_common_nucleo/board_common_nucleo_init.o
 .debug_aranges
                0x00000000000000b0       0x30 /home/user/RIOT/Tutorials/test-01/bin/nucleo-f401re/core/init.o
 .debug_aranges
                0x00000000000000e0       0x50 /home/user/RIOT/Tutorials/test-01/bin/nucleo-f401re/core/mutex.o
 .debug_aranges
                0x0000000000000130       0x38 /home/user/RIOT/Tutorials/test-01/bin/nucleo-f401re/core/panic.o
 .debug_aranges
                0x0000000000000168       0x40 /home/user/RIOT/Tutorials/test-01/bin/nucleo-f401re/core/sched.o
 .debug_aranges
                0x00000000000001a8       0x70 /home/user/RIOT/Tutorials/test-01/bin/nucleo-f401re/core/thread.o
 .debug_aranges
                0x0000000000000218       0x30 /home/user/RIOT/Tutorials/test-01/bin/nucleo-f401re/cortexm_common/cortexm_init.o
 .debug_aranges
                0x0000000000000248       0x28 /home/user/RIOT/Tutorials/test-01/bin/nucleo-f401re/cortexm_common/panic.o
 .debug_aranges
                0x0000000000000270       0x28 /home/user/RIOT/Tutorials/test-01/bin/nucleo-f401re/cortexm_common_periph/pm.o
 .debug_aranges
                0x0000000000000298       0x70 /home/user/RIOT/Tutorials/test-01/bin/nucleo-f401re/cortexm_common/thread_arch.o
 .debug_aranges
                0x0000000000000308       0x68 /home/user/RIOT/Tutorials/test-01/bin/nucleo-f401re/cortexm_common/vectors_cortexm.o
 .debug_aranges
                0x0000000000000370       0x50 /home/user/RIOT/Tutorials/test-01/bin/nucleo-f401re/cpu/cpu_common.o
 .debug_aranges
                0x00000000000003c0       0x28 /home/user/RIOT/Tutorials/test-01/bin/nucleo-f401re/cpu/cpu_init.o
 .debug_aranges
                0x00000000000003e8       0xc8 /home/user/RIOT/Tutorials/test-01/bin/nucleo-f401re/newlib_syscalls_default/syscalls.o
 .debug_aranges
                0x00000000000004b0       0x30 /home/user/RIOT/Tutorials/test-01/bin/nucleo-f401re/periph/adc_f4.o
 .debug_aranges
                0x00000000000004e0       0x28 /home/user/RIOT/Tutorials/test-01/bin/nucleo-f401re/periph_common/init.o
 .debug_aranges
                0x0000000000000508       0x70 /home/user/RIOT/Tutorials/test-01/bin/nucleo-f401re/periph/gpio_all.o
 .debug_aranges
                0x0000000000000578       0x30 /home/user/RIOT/Tutorials/test-01/bin/nucleo-f401re/periph/pm.o
 .debug_aranges
                0x00000000000005a8       0x58 /home/user/RIOT/Tutorials/test-01/bin/nucleo-f401re/periph/timer.o
 .debug_aranges
                0x0000000000000600       0x68 /home/user/RIOT/Tutorials/test-01/bin/nucleo-f401re/periph/uart.o
 .debug_aranges
                0x0000000000000668       0x40 /home/user/RIOT/Tutorials/test-01/bin/nucleo-f401re/pm_layered/pm.o
 .debug_aranges
                0x00000000000006a8       0x38 /home/user/RIOT/Tutorials/test-01/bin/nucleo-f401re/stdio_uart/stdio_uart.o
 .debug_aranges
                0x00000000000006e0       0x50 /home/user/RIOT/Tutorials/test-01/bin/nucleo-f401re/stm32_clk/stmclk_common.o
 .debug_aranges
                0x0000000000000730       0x28 /home/user/RIOT/Tutorials/test-01/bin/nucleo-f401re/stm32_clk/stmclk_f2f4f7.o
 .debug_aranges
                0x0000000000000758       0x20 /home/user/RIOT/Tutorials/test-01/bin/nucleo-f401re/stm32_vectors/STM32F401xE.o
 .debug_aranges
                0x0000000000000778       0x68 /home/user/RIOT/Tutorials/test-01/bin/nucleo-f401re/xtimer/xtimer_core.o
 .debug_aranges
                0x00000000000007e0       0xa8 /home/user/RIOT/Tutorials/test-01/bin/nucleo-f401re/xtimer/xtimer.o

.debug_ranges   0x0000000000000000     0x1840
 .debug_ranges  0x0000000000000000       0x28 /home/user/RIOT/Tutorials/test-01/bin/nucleo-f401re/analog_util/adc_util.o
 .debug_ranges  0x0000000000000028       0x30 /home/user/RIOT/Tutorials/test-01/bin/nucleo-f401re/application_indHW1/main.o
 .debug_ranges  0x0000000000000058       0x10 /home/user/RIOT/Tutorials/test-01/bin/nucleo-f401re/auto_init/auto_init.o
 .debug_ranges  0x0000000000000068       0x20 /home/user/RIOT/Tutorials/test-01/bin/nucleo-f401re/boards_common_nucleo/board_common_nucleo_init.o
 .debug_ranges  0x0000000000000088       0x50 /home/user/RIOT/Tutorials/test-01/bin/nucleo-f401re/core/init.o
 .debug_ranges  0x00000000000000d8      0x280 /home/user/RIOT/Tutorials/test-01/bin/nucleo-f401re/core/mutex.o
 .debug_ranges  0x0000000000000358       0x28 /home/user/RIOT/Tutorials/test-01/bin/nucleo-f401re/core/panic.o
 .debug_ranges  0x0000000000000380      0x128 /home/user/RIOT/Tutorials/test-01/bin/nucleo-f401re/core/sched.o
 .debug_ranges  0x00000000000004a8      0x290 /home/user/RIOT/Tutorials/test-01/bin/nucleo-f401re/core/thread.o
 .debug_ranges  0x0000000000000738       0xd0 /home/user/RIOT/Tutorials/test-01/bin/nucleo-f401re/cortexm_common/cortexm_init.o
 .debug_ranges  0x0000000000000808       0x18 /home/user/RIOT/Tutorials/test-01/bin/nucleo-f401re/cortexm_common/panic.o
 .debug_ranges  0x0000000000000820       0x18 /home/user/RIOT/Tutorials/test-01/bin/nucleo-f401re/cortexm_common_periph/pm.o
 .debug_ranges  0x0000000000000838       0x90 /home/user/RIOT/Tutorials/test-01/bin/nucleo-f401re/cortexm_common/thread_arch.o
 .debug_ranges  0x00000000000008c8       0x58 /home/user/RIOT/Tutorials/test-01/bin/nucleo-f401re/cortexm_common/vectors_cortexm.o
 .debug_ranges  0x0000000000000920       0x40 /home/user/RIOT/Tutorials/test-01/bin/nucleo-f401re/cpu/cpu_common.o
 .debug_ranges  0x0000000000000960       0xa0 /home/user/RIOT/Tutorials/test-01/bin/nucleo-f401re/cpu/cpu_init.o
 .debug_ranges  0x0000000000000a00      0x1d8 /home/user/RIOT/Tutorials/test-01/bin/nucleo-f401re/newlib_syscalls_default/syscalls.o
 .debug_ranges  0x0000000000000bd8       0x50 /home/user/RIOT/Tutorials/test-01/bin/nucleo-f401re/periph/adc_f4.o
 .debug_ranges  0x0000000000000c28       0x18 /home/user/RIOT/Tutorials/test-01/bin/nucleo-f401re/periph_common/init.o
 .debug_ranges  0x0000000000000c40      0x190 /home/user/RIOT/Tutorials/test-01/bin/nucleo-f401re/periph/gpio_all.o
 .debug_ranges  0x0000000000000dd0       0x68 /home/user/RIOT/Tutorials/test-01/bin/nucleo-f401re/periph/pm.o
 .debug_ranges  0x0000000000000e38      0x150 /home/user/RIOT/Tutorials/test-01/bin/nucleo-f401re/periph/timer.o
 .debug_ranges  0x0000000000000f88      0x140 /home/user/RIOT/Tutorials/test-01/bin/nucleo-f401re/periph/uart.o
 .debug_ranges  0x00000000000010c8       0xd8 /home/user/RIOT/Tutorials/test-01/bin/nucleo-f401re/pm_layered/pm.o
 .debug_ranges  0x00000000000011a0       0x28 /home/user/RIOT/Tutorials/test-01/bin/nucleo-f401re/stdio_uart/stdio_uart.o
 .debug_ranges  0x00000000000011c8       0x40 /home/user/RIOT/Tutorials/test-01/bin/nucleo-f401re/stm32_clk/stmclk_common.o
 .debug_ranges  0x0000000000001208       0x60 /home/user/RIOT/Tutorials/test-01/bin/nucleo-f401re/stm32_clk/stmclk_f2f4f7.o
 .debug_ranges  0x0000000000001268       0x10 /home/user/RIOT/Tutorials/test-01/bin/nucleo-f401re/stm32_vectors/STM32F401xE.o
 .debug_ranges  0x0000000000001278      0x1d8 /home/user/RIOT/Tutorials/test-01/bin/nucleo-f401re/xtimer/xtimer_core.o
 .debug_ranges  0x0000000000001450      0x3f0 /home/user/RIOT/Tutorials/test-01/bin/nucleo-f401re/xtimer/xtimer.o

.debug_macro    0x0000000000000000    0x2b453
 .debug_macro   0x0000000000000000      0x3b1 /home/user/RIOT/Tutorials/test-01/bin/nucleo-f401re/analog_util/adc_util.o
 .debug_macro   0x00000000000003b1      0xaf6 /home/user/RIOT/Tutorials/test-01/bin/nucleo-f401re/analog_util/adc_util.o
 .debug_macro   0x0000000000000ea7      0x142 /home/user/RIOT/Tutorials/test-01/bin/nucleo-f401re/analog_util/adc_util.o
 .debug_macro   0x0000000000000fe9       0x22 /home/user/RIOT/Tutorials/test-01/bin/nucleo-f401re/analog_util/adc_util.o
 .debug_macro   0x000000000000100b       0x56 /home/user/RIOT/Tutorials/test-01/bin/nucleo-f401re/analog_util/adc_util.o
 .debug_macro   0x0000000000001061       0x51 /home/user/RIOT/Tutorials/test-01/bin/nucleo-f401re/analog_util/adc_util.o
 .debug_macro   0x00000000000010b2       0xef /home/user/RIOT/Tutorials/test-01/bin/nucleo-f401re/analog_util/adc_util.o
 .debug_macro   0x00000000000011a1       0x6a /home/user/RIOT/Tutorials/test-01/bin/nucleo-f401re/analog_util/adc_util.o
 .debug_macro   0x000000000000120b      0x1df /home/user/RIOT/Tutorials/test-01/bin/nucleo-f401re/analog_util/adc_util.o
 .debug_macro   0x00000000000013ea       0x4c /home/user/RIOT/Tutorials/test-01/bin/nucleo-f401re/analog_util/adc_util.o
 .debug_macro   0x0000000000001436       0x18 /home/user/RIOT/Tutorials/test-01/bin/nucleo-f401re/analog_util/adc_util.o
 .debug_macro   0x000000000000144e       0x3c /home/user/RIOT/Tutorials/test-01/bin/nucleo-f401re/analog_util/adc_util.o
 .debug_macro   0x000000000000148a       0x3a /home/user/RIOT/Tutorials/test-01/bin/nucleo-f401re/analog_util/adc_util.o
 .debug_macro   0x00000000000014c4       0x82 /home/user/RIOT/Tutorials/test-01/bin/nucleo-f401re/analog_util/adc_util.o
 .debug_macro   0x0000000000001546      0x460 /home/user/RIOT/Tutorials/test-01/bin/nucleo-f401re/analog_util/adc_util.o
 .debug_macro   0x00000000000019a6       0x1c /home/user/RIOT/Tutorials/test-01/bin/nucleo-f401re/analog_util/adc_util.o
 .debug_macro   0x00000000000019c2       0x97 /home/user/RIOT/Tutorials/test-01/bin/nucleo-f401re/analog_util/adc_util.o
 .debug_macro   0x0000000000001a59      0x35c /home/user/RIOT/Tutorials/test-01/bin/nucleo-f401re/analog_util/adc_util.o
 .debug_macro   0x0000000000001db5       0x86 /home/user/RIOT/Tutorials/test-01/bin/nucleo-f401re/analog_util/adc_util.o
 .debug_macro   0x0000000000001e3b       0x10 /home/user/RIOT/Tutorials/test-01/bin/nucleo-f401re/analog_util/adc_util.o
 .debug_macro   0x0000000000001e4b       0x58 /home/user/RIOT/Tutorials/test-01/bin/nucleo-f401re/analog_util/adc_util.o
 .debug_macro   0x0000000000001ea3       0x1f /home/user/RIOT/Tutorials/test-01/bin/nucleo-f401re/analog_util/adc_util.o
 .debug_macro   0x0000000000001ec2       0x43 /home/user/RIOT/Tutorials/test-01/bin/nucleo-f401re/analog_util/adc_util.o
 .debug_macro   0x0000000000001f05       0x20 /home/user/RIOT/Tutorials/test-01/bin/nucleo-f401re/analog_util/adc_util.o
 .debug_macro   0x0000000000001f25      0x1a3 /home/user/RIOT/Tutorials/test-01/bin/nucleo-f401re/analog_util/adc_util.o
 .debug_macro   0x00000000000020c8       0x10 /home/user/RIOT/Tutorials/test-01/bin/nucleo-f401re/analog_util/adc_util.o
 .debug_macro   0x00000000000020d8       0xb6 /home/user/RIOT/Tutorials/test-01/bin/nucleo-f401re/analog_util/adc_util.o
 .debug_macro   0x000000000000218e       0x16 /home/user/RIOT/Tutorials/test-01/bin/nucleo-f401re/analog_util/adc_util.o
 .debug_macro   0x00000000000021a4      0x114 /home/user/RIOT/Tutorials/test-01/bin/nucleo-f401re/analog_util/adc_util.o
 .debug_macro   0x00000000000022b8       0x22 /home/user/RIOT/Tutorials/test-01/bin/nucleo-f401re/analog_util/adc_util.o
 .debug_macro   0x00000000000022da       0x49 /home/user/RIOT/Tutorials/test-01/bin/nucleo-f401re/analog_util/adc_util.o
 .debug_macro   0x0000000000002323       0x32 /home/user/RIOT/Tutorials/test-01/bin/nucleo-f401re/analog_util/adc_util.o
 .debug_macro   0x0000000000002355       0x28 /home/user/RIOT/Tutorials/test-01/bin/nucleo-f401re/analog_util/adc_util.o
 .debug_macro   0x000000000000237d       0x1c /home/user/RIOT/Tutorials/test-01/bin/nucleo-f401re/analog_util/adc_util.o
 .debug_macro   0x0000000000002399       0x22 /home/user/RIOT/Tutorials/test-01/bin/nucleo-f401re/analog_util/adc_util.o
 .debug_macro   0x00000000000023bb       0xd9 /home/user/RIOT/Tutorials/test-01/bin/nucleo-f401re/analog_util/adc_util.o
 .debug_macro   0x0000000000002494     0x102d /home/user/RIOT/Tutorials/test-01/bin/nucleo-f401re/analog_util/adc_util.o
 .debug_macro   0x00000000000034c1      0x11f /home/user/RIOT/Tutorials/test-01/bin/nucleo-f401re/analog_util/adc_util.o
 .debug_macro   0x00000000000035e0     0xb850 /home/user/RIOT/Tutorials/test-01/bin/nucleo-f401re/analog_util/adc_util.o
 .debug_macro   0x000000000000ee30       0x43 /home/user/RIOT/Tutorials/test-01/bin/nucleo-f401re/analog_util/adc_util.o
 .debug_macro   0x000000000000ee73       0x10 /home/user/RIOT/Tutorials/test-01/bin/nucleo-f401re/analog_util/adc_util.o
 .debug_macro   0x000000000000ee83       0x2b /home/user/RIOT/Tutorials/test-01/bin/nucleo-f401re/analog_util/adc_util.o
 .debug_macro   0x000000000000eeae       0x60 /home/user/RIOT/Tutorials/test-01/bin/nucleo-f401re/analog_util/adc_util.o
 .debug_macro   0x000000000000ef0e       0x37 /home/user/RIOT/Tutorials/test-01/bin/nucleo-f401re/analog_util/adc_util.o
 .debug_macro   0x000000000000ef45       0x10 /home/user/RIOT/Tutorials/test-01/bin/nucleo-f401re/analog_util/adc_util.o
 .debug_macro   0x000000000000ef55       0x5f /home/user/RIOT/Tutorials/test-01/bin/nucleo-f401re/analog_util/adc_util.o
 .debug_macro   0x000000000000efb4       0x16 /home/user/RIOT/Tutorials/test-01/bin/nucleo-f401re/analog_util/adc_util.o
 .debug_macro   0x000000000000efca       0x7c /home/user/RIOT/Tutorials/test-01/bin/nucleo-f401re/analog_util/adc_util.o
 .debug_macro   0x000000000000f046       0x17 /home/user/RIOT/Tutorials/test-01/bin/nucleo-f401re/analog_util/adc_util.o
 .debug_macro   0x000000000000f05d       0xee /home/user/RIOT/Tutorials/test-01/bin/nucleo-f401re/analog_util/adc_util.o
 .debug_macro   0x000000000000f14b       0x2e /home/user/RIOT/Tutorials/test-01/bin/nucleo-f401re/analog_util/adc_util.o
 .debug_macro   0x000000000000f179       0x1c /home/user/RIOT/Tutorials/test-01/bin/nucleo-f401re/analog_util/adc_util.o
 .debug_macro   0x000000000000f195      0x1e4 /home/user/RIOT/Tutorials/test-01/bin/nucleo-f401re/analog_util/adc_util.o
 .debug_macro   0x000000000000f379       0x16 /home/user/RIOT/Tutorials/test-01/bin/nucleo-f401re/analog_util/adc_util.o
 .debug_macro   0x000000000000f38f       0x28 /home/user/RIOT/Tutorials/test-01/bin/nucleo-f401re/analog_util/adc_util.o
 .debug_macro   0x000000000000f3b7       0x2e /home/user/RIOT/Tutorials/test-01/bin/nucleo-f401re/analog_util/adc_util.o
 .debug_macro   0x000000000000f3e5       0x2e /home/user/RIOT/Tutorials/test-01/bin/nucleo-f401re/analog_util/adc_util.o
 .debug_macro   0x000000000000f413       0x16 /home/user/RIOT/Tutorials/test-01/bin/nucleo-f401re/analog_util/adc_util.o
 .debug_macro   0x000000000000f429       0x16 /home/user/RIOT/Tutorials/test-01/bin/nucleo-f401re/analog_util/adc_util.o
 .debug_macro   0x000000000000f43f       0x70 /home/user/RIOT/Tutorials/test-01/bin/nucleo-f401re/analog_util/adc_util.o
 .debug_macro   0x000000000000f4af       0x10 /home/user/RIOT/Tutorials/test-01/bin/nucleo-f401re/analog_util/adc_util.o
 .debug_macro   0x000000000000f4bf       0x22 /home/user/RIOT/Tutorials/test-01/bin/nucleo-f401re/analog_util/adc_util.o
 .debug_macro   0x000000000000f4e1      0x49c /home/user/RIOT/Tutorials/test-01/bin/nucleo-f401re/application_indHW1/main.o
 .debug_macro   0x000000000000f97d      0xaf6 /home/user/RIOT/Tutorials/test-01/bin/nucleo-f401re/application_indHW1/main.o
 .debug_macro   0x0000000000010473       0x3a /home/user/RIOT/Tutorials/test-01/bin/nucleo-f401re/application_indHW1/main.o
 .debug_macro   0x00000000000104ad       0xfd /home/user/RIOT/Tutorials/test-01/bin/nucleo-f401re/application_indHW1/main.o
 .debug_macro   0x00000000000105aa       0xdf /home/user/RIOT/Tutorials/test-01/bin/nucleo-f401re/application_indHW1/main.o
 .debug_macro   0x0000000000010689       0x10 /home/user/RIOT/Tutorials/test-01/bin/nucleo-f401re/application_indHW1/main.o
 .debug_macro   0x0000000000010699       0x19 /home/user/RIOT/Tutorials/test-01/bin/nucleo-f401re/application_indHW1/main.o
 .debug_macro   0x00000000000106b2      0x118 /home/user/RIOT/Tutorials/test-01/bin/nucleo-f401re/application_indHW1/main.o
 .debug_macro   0x00000000000107ca      0x356 /home/user/RIOT/Tutorials/test-01/bin/nucleo-f401re/application_indHW1/main.o
 .debug_macro   0x0000000000010b20       0xac /home/user/RIOT/Tutorials/test-01/bin/nucleo-f401re/application_indHW1/main.o
 .debug_macro   0x0000000000010bcc       0x10 /home/user/RIOT/Tutorials/test-01/bin/nucleo-f401re/application_indHW1/main.o
 .debug_macro   0x0000000000010bdc       0x10 /home/user/RIOT/Tutorials/test-01/bin/nucleo-f401re/application_indHW1/main.o
 .debug_macro   0x0000000000010bec       0x3a /home/user/RIOT/Tutorials/test-01/bin/nucleo-f401re/application_indHW1/main.o
 .debug_macro   0x0000000000010c26       0x3c /home/user/RIOT/Tutorials/test-01/bin/nucleo-f401re/application_indHW1/main.o
 .debug_macro   0x0000000000010c62       0x16 /home/user/RIOT/Tutorials/test-01/bin/nucleo-f401re/application_indHW1/main.o
 .debug_macro   0x0000000000010c78       0x1c /home/user/RIOT/Tutorials/test-01/bin/nucleo-f401re/application_indHW1/main.o
 .debug_macro   0x0000000000010c94       0x10 /home/user/RIOT/Tutorials/test-01/bin/nucleo-f401re/application_indHW1/main.o
 .debug_macro   0x0000000000010ca4      0x186 /home/user/RIOT/Tutorials/test-01/bin/nucleo-f401re/auto_init/auto_init.o
 .debug_macro   0x0000000000010e2a      0xaf6 /home/user/RIOT/Tutorials/test-01/bin/nucleo-f401re/auto_init/auto_init.o
 .debug_macro   0x0000000000011920       0xf6 /home/user/RIOT/Tutorials/test-01/bin/nucleo-f401re/auto_init/auto_init.o
 .debug_macro   0x0000000000011a16       0x34 /home/user/RIOT/Tutorials/test-01/bin/nucleo-f401re/auto_init/auto_init.o
 .debug_macro   0x0000000000011a4a      0x3eb /home/user/RIOT/Tutorials/test-01/bin/nucleo-f401re/boards_common_nucleo/board_common_nucleo_init.o
 .debug_macro   0x0000000000011e35      0xaf6 /home/user/RIOT/Tutorials/test-01/bin/nucleo-f401re/boards_common_nucleo/board_common_nucleo_init.o
 .debug_macro   0x000000000001292b       0x57 /home/user/RIOT/Tutorials/test-01/bin/nucleo-f401re/boards_common_nucleo/board_common_nucleo_init.o
 .debug_macro   0x0000000000012982      0x38a /home/user/RIOT/Tutorials/test-01/bin/nucleo-f401re/core/init.o
 .debug_macro   0x0000000000012d0c      0xaf6 /home/user/RIOT/Tutorials/test-01/bin/nucleo-f401re/core/init.o
 .debug_macro   0x0000000000013802       0x10 /home/user/RIOT/Tutorials/test-01/bin/nucleo-f401re/core/init.o
 .debug_macro   0x0000000000013812      0x23b /home/user/RIOT/Tutorials/test-01/bin/nucleo-f401re/core/init.o
 .debug_macro   0x0000000000013a4d       0x2e /home/user/RIOT/Tutorials/test-01/bin/nucleo-f401re/core/init.o
 .debug_macro   0x0000000000013a7b       0x10 /home/user/RIOT/Tutorials/test-01/bin/nucleo-f401re/core/init.o
 .debug_macro   0x0000000000013a8b      0x2f2 /home/user/RIOT/Tutorials/test-01/bin/nucleo-f401re/core/mutex.o
 .debug_macro   0x0000000000013d7d      0xaf6 /home/user/RIOT/Tutorials/test-01/bin/nucleo-f401re/core/mutex.o
 .debug_macro   0x0000000000014873       0x28 /home/user/RIOT/Tutorials/test-01/bin/nucleo-f401re/core/mutex.o
 .debug_macro   0x000000000001489b      0x35c /home/user/RIOT/Tutorials/test-01/bin/nucleo-f401re/core/panic.o
 .debug_macro   0x0000000000014bf7      0xaf6 /home/user/RIOT/Tutorials/test-01/bin/nucleo-f401re/core/panic.o
 .debug_macro   0x00000000000156ed       0x10 /home/user/RIOT/Tutorials/test-01/bin/nucleo-f401re/core/panic.o
 .debug_macro   0x00000000000156fd      0x2f3 /home/user/RIOT/Tutorials/test-01/bin/nucleo-f401re/core/sched.o
 .debug_macro   0x00000000000159f0      0xaf6 /home/user/RIOT/Tutorials/test-01/bin/nucleo-f401re/core/sched.o
 .debug_macro   0x00000000000164e6      0x2f0 /home/user/RIOT/Tutorials/test-01/bin/nucleo-f401re/core/thread.o
 .debug_macro   0x00000000000167d6      0xaf6 /home/user/RIOT/Tutorials/test-01/bin/nucleo-f401re/core/thread.o
 .debug_macro   0x00000000000172cc       0xdc /home/user/RIOT/Tutorials/test-01/bin/nucleo-f401re/core/thread.o
 .debug_macro   0x00000000000173a8      0x2c6 /home/user/RIOT/Tutorials/test-01/bin/nucleo-f401re/cortexm_common/cortexm_init.o
 .debug_macro   0x000000000001766e      0xaf6 /home/user/RIOT/Tutorials/test-01/bin/nucleo-f401re/cortexm_common/cortexm_init.o
 .debug_macro   0x0000000000018164      0x2c9 /home/user/RIOT/Tutorials/test-01/bin/nucleo-f401re/cortexm_common/panic.o
 .debug_macro   0x000000000001842d      0xaf6 /home/user/RIOT/Tutorials/test-01/bin/nucleo-f401re/cortexm_common/panic.o
 .debug_macro   0x0000000000018f23      0x330 /home/user/RIOT/Tutorials/test-01/bin/nucleo-f401re/cortexm_common_periph/pm.o
 .debug_macro   0x0000000000019253      0xaf6 /home/user/RIOT/Tutorials/test-01/bin/nucleo-f401re/cortexm_common_periph/pm.o
 .debug_macro   0x0000000000019d49      0x2e8 /home/user/RIOT/Tutorials/test-01/bin/nucleo-f401re/cortexm_common/thread_arch.o
 .debug_macro   0x000000000001a031      0xaf6 /home/user/RIOT/Tutorials/test-01/bin/nucleo-f401re/cortexm_common/thread_arch.o
 .debug_macro   0x000000000001ab27       0x1c /home/user/RIOT/Tutorials/test-01/bin/nucleo-f401re/cortexm_common/thread_arch.o
 .debug_macro   0x000000000001ab43      0x417 /home/user/RIOT/Tutorials/test-01/bin/nucleo-f401re/cortexm_common/vectors_cortexm.o
 .debug_macro   0x000000000001af5a      0xaf6 /home/user/RIOT/Tutorials/test-01/bin/nucleo-f401re/cortexm_common/vectors_cortexm.o
 .debug_macro   0x000000000001ba50       0x1c /home/user/RIOT/Tutorials/test-01/bin/nucleo-f401re/cortexm_common/vectors_cortexm.o
 .debug_macro   0x000000000001ba6c      0x395 /home/user/RIOT/Tutorials/test-01/bin/nucleo-f401re/cpu/cpu_common.o
 .debug_macro   0x000000000001be01      0xaf6 /home/user/RIOT/Tutorials/test-01/bin/nucleo-f401re/cpu/cpu_common.o
 .debug_macro   0x000000000001c8f7      0x44e /home/user/RIOT/Tutorials/test-01/bin/nucleo-f401re/cpu/cpu_init.o
 .debug_macro   0x000000000001cd45      0xaf6 /home/user/RIOT/Tutorials/test-01/bin/nucleo-f401re/cpu/cpu_init.o
 .debug_macro   0x000000000001d83b       0x16 /home/user/RIOT/Tutorials/test-01/bin/nucleo-f401re/cpu/cpu_init.o
 .debug_macro   0x000000000001d851      0x4fe /home/user/RIOT/Tutorials/test-01/bin/nucleo-f401re/cpu/cpu_init.o
 .debug_macro   0x000000000001dd4f      0x5d5 /home/user/RIOT/Tutorials/test-01/bin/nucleo-f401re/newlib_syscalls_default/syscalls.o
 .debug_macro   0x000000000001e324      0xaf6 /home/user/RIOT/Tutorials/test-01/bin/nucleo-f401re/newlib_syscalls_default/syscalls.o
 .debug_macro   0x000000000001ee1a       0x10 /home/user/RIOT/Tutorials/test-01/bin/nucleo-f401re/newlib_syscalls_default/syscalls.o
 .debug_macro   0x000000000001ee2a       0xcf /home/user/RIOT/Tutorials/test-01/bin/nucleo-f401re/newlib_syscalls_default/syscalls.o
 .debug_macro   0x000000000001eef9       0xb7 /home/user/RIOT/Tutorials/test-01/bin/nucleo-f401re/newlib_syscalls_default/syscalls.o
 .debug_macro   0x000000000001efb0       0x10 /home/user/RIOT/Tutorials/test-01/bin/nucleo-f401re/newlib_syscalls_default/syscalls.o
 .debug_macro   0x000000000001efc0      0x241 /home/user/RIOT/Tutorials/test-01/bin/nucleo-f401re/newlib_syscalls_default/syscalls.o
 .debug_macro   0x000000000001f201       0x10 /home/user/RIOT/Tutorials/test-01/bin/nucleo-f401re/newlib_syscalls_default/syscalls.o
 .debug_macro   0x000000000001f211       0x3c /home/user/RIOT/Tutorials/test-01/bin/nucleo-f401re/newlib_syscalls_default/syscalls.o
 .debug_macro   0x000000000001f24d       0xff /home/user/RIOT/Tutorials/test-01/bin/nucleo-f401re/newlib_syscalls_default/syscalls.o
 .debug_macro   0x000000000001f34c       0x16 /home/user/RIOT/Tutorials/test-01/bin/nucleo-f401re/newlib_syscalls_default/syscalls.o
 .debug_macro   0x000000000001f362       0x10 /home/user/RIOT/Tutorials/test-01/bin/nucleo-f401re/newlib_syscalls_default/syscalls.o
 .debug_macro   0x000000000001f372       0x10 /home/user/RIOT/Tutorials/test-01/bin/nucleo-f401re/newlib_syscalls_default/syscalls.o
 .debug_macro   0x000000000001f382       0x2e /home/user/RIOT/Tutorials/test-01/bin/nucleo-f401re/newlib_syscalls_default/syscalls.o
 .debug_macro   0x000000000001f3b0       0xf5 /home/user/RIOT/Tutorials/test-01/bin/nucleo-f401re/newlib_syscalls_default/syscalls.o
 .debug_macro   0x000000000001f4a5       0x10 /home/user/RIOT/Tutorials/test-01/bin/nucleo-f401re/newlib_syscalls_default/syscalls.o
 .debug_macro   0x000000000001f4b5       0x43 /home/user/RIOT/Tutorials/test-01/bin/nucleo-f401re/newlib_syscalls_default/syscalls.o
 .debug_macro   0x000000000001f4f8       0x40 /home/user/RIOT/Tutorials/test-01/bin/nucleo-f401re/newlib_syscalls_default/syscalls.o
 .debug_macro   0x000000000001f538      0x3aa /home/user/RIOT/Tutorials/test-01/bin/nucleo-f401re/periph/adc_f4.o
 .debug_macro   0x000000000001f8e2      0xaf6 /home/user/RIOT/Tutorials/test-01/bin/nucleo-f401re/periph/adc_f4.o
 .debug_macro   0x00000000000203d8      0x329 /home/user/RIOT/Tutorials/test-01/bin/nucleo-f401re/periph_common/init.o
 .debug_macro   0x0000000000020701      0xaf6 /home/user/RIOT/Tutorials/test-01/bin/nucleo-f401re/periph_common/init.o
 .debug_macro   0x00000000000211f7      0x3a5 /home/user/RIOT/Tutorials/test-01/bin/nucleo-f401re/periph/gpio_all.o
 .debug_macro   0x000000000002159c      0xaf6 /home/user/RIOT/Tutorials/test-01/bin/nucleo-f401re/periph/gpio_all.o
 .debug_macro   0x0000000000022092      0x371 /home/user/RIOT/Tutorials/test-01/bin/nucleo-f401re/periph/pm.o
 .debug_macro   0x0000000000022403      0xaf6 /home/user/RIOT/Tutorials/test-01/bin/nucleo-f401re/periph/pm.o
 .debug_macro   0x0000000000022ef9      0x389 /home/user/RIOT/Tutorials/test-01/bin/nucleo-f401re/periph/timer.o
 .debug_macro   0x0000000000023282      0xaf6 /home/user/RIOT/Tutorials/test-01/bin/nucleo-f401re/periph/timer.o
 .debug_macro   0x0000000000023d78      0x3d2 /home/user/RIOT/Tutorials/test-01/bin/nucleo-f401re/periph/uart.o
 .debug_macro   0x000000000002414a      0xaf6 /home/user/RIOT/Tutorials/test-01/bin/nucleo-f401re/periph/uart.o
 .debug_macro   0x0000000000024c40       0x10 /home/user/RIOT/Tutorials/test-01/bin/nucleo-f401re/periph/uart.o
 .debug_macro   0x0000000000024c50      0x359 /home/user/RIOT/Tutorials/test-01/bin/nucleo-f401re/pm_layered/pm.o
 .debug_macro   0x0000000000024fa9      0xaf6 /home/user/RIOT/Tutorials/test-01/bin/nucleo-f401re/pm_layered/pm.o
 .debug_macro   0x0000000000025a9f      0x4a6 /home/user/RIOT/Tutorials/test-01/bin/nucleo-f401re/stdio_uart/stdio_uart.o
 .debug_macro   0x0000000000025f45      0xaf6 /home/user/RIOT/Tutorials/test-01/bin/nucleo-f401re/stdio_uart/stdio_uart.o
 .debug_macro   0x0000000000026a3b       0x16 /home/user/RIOT/Tutorials/test-01/bin/nucleo-f401re/stdio_uart/stdio_uart.o
 .debug_macro   0x0000000000026a51      0x39e /home/user/RIOT/Tutorials/test-01/bin/nucleo-f401re/stm32_clk/stmclk_common.o
 .debug_macro   0x0000000000026def      0xaf6 /home/user/RIOT/Tutorials/test-01/bin/nucleo-f401re/stm32_clk/stmclk_common.o
 .debug_macro   0x00000000000278e5      0x500 /home/user/RIOT/Tutorials/test-01/bin/nucleo-f401re/stm32_clk/stmclk_f2f4f7.o
 .debug_macro   0x0000000000027de5      0xaf6 /home/user/RIOT/Tutorials/test-01/bin/nucleo-f401re/stm32_clk/stmclk_f2f4f7.o
 .debug_macro   0x00000000000288db      0x101 /home/user/RIOT/Tutorials/test-01/bin/nucleo-f401re/stm32_vectors/STM32F401xE.o
 .debug_macro   0x00000000000289dc      0xaf6 /home/user/RIOT/Tutorials/test-01/bin/nucleo-f401re/stm32_vectors/STM32F401xE.o
 .debug_macro   0x00000000000294d2       0x16 /home/user/RIOT/Tutorials/test-01/bin/nucleo-f401re/stm32_vectors/STM32F401xE.o
 .debug_macro   0x00000000000294e8      0x4a0 /home/user/RIOT/Tutorials/test-01/bin/nucleo-f401re/xtimer/xtimer_core.o
 .debug_macro   0x0000000000029988      0xaf6 /home/user/RIOT/Tutorials/test-01/bin/nucleo-f401re/xtimer/xtimer_core.o
 .debug_macro   0x000000000002a47e       0x1c /home/user/RIOT/Tutorials/test-01/bin/nucleo-f401re/xtimer/xtimer_core.o
 .debug_macro   0x000000000002a49a       0x16 /home/user/RIOT/Tutorials/test-01/bin/nucleo-f401re/xtimer/xtimer_core.o
 .debug_macro   0x000000000002a4b0      0x4ad /home/user/RIOT/Tutorials/test-01/bin/nucleo-f401re/xtimer/xtimer.o
 .debug_macro   0x000000000002a95d      0xaf6 /home/user/RIOT/Tutorials/test-01/bin/nucleo-f401re/xtimer/xtimer.o

.debug_line     0x0000000000000000    0x142c6
 .debug_line    0x0000000000000000      0x9ff /home/user/RIOT/Tutorials/test-01/bin/nucleo-f401re/analog_util/adc_util.o
 .debug_line    0x00000000000009ff      0xbbb /home/user/RIOT/Tutorials/test-01/bin/nucleo-f401re/application_indHW1/main.o
 .debug_line    0x00000000000015ba      0x3c4 /home/user/RIOT/Tutorials/test-01/bin/nucleo-f401re/auto_init/auto_init.o
 .debug_line    0x000000000000197e      0xa63 /home/user/RIOT/Tutorials/test-01/bin/nucleo-f401re/boards_common_nucleo/board_common_nucleo_init.o
 .debug_line    0x00000000000023e1      0x893 /home/user/RIOT/Tutorials/test-01/bin/nucleo-f401re/core/init.o
 .debug_line    0x0000000000002c74      0xcf1 /home/user/RIOT/Tutorials/test-01/bin/nucleo-f401re/core/mutex.o
 .debug_line    0x0000000000003965      0x8cd /home/user/RIOT/Tutorials/test-01/bin/nucleo-f401re/core/panic.o
 .debug_line    0x0000000000004232      0xa0d /home/user/RIOT/Tutorials/test-01/bin/nucleo-f401re/core/sched.o
 .debug_line    0x0000000000004c3f      0xe50 /home/user/RIOT/Tutorials/test-01/bin/nucleo-f401re/core/thread.o